Component: ARM Compiler 5.06 (build 20) Tool: armlink [4d35a3]

==============================================================================

Section Cross References

    startup_stm32f10x_md.o(RESET) refers to startup_stm32f10x_md.o(STACK) for __initial_sp
    startup_stm32f10x_md.o(RESET) refers to startup_stm32f10x_md.o(.text) for Reset_Handler
    startup_stm32f10x_md.o(RESET) refers to stm32f10x_it.o(i.NMI_Handler) for NMI_Handler
    startup_stm32f10x_md.o(RESET) refers to stm32f10x_it.o(i.HardFault_Handler) for HardFault_Handler
    startup_stm32f10x_md.o(RESET) refers to stm32f10x_it.o(i.MemManage_Handler) for MemManage_Handler
    startup_stm32f10x_md.o(RESET) refers to stm32f10x_it.o(i.BusFault_Handler) for BusFault_Handler
    startup_stm32f10x_md.o(RESET) refers to stm32f10x_it.o(i.UsageFault_Handler) for UsageFault_Handler
    startup_stm32f10x_md.o(RESET) refers to stm32f10x_it.o(i.SVC_Handler) for SVC_Handler
    startup_stm32f10x_md.o(RESET) refers to stm32f10x_it.o(i.DebugMon_Handler) for DebugMon_Handler
    startup_stm32f10x_md.o(RESET) refers to stm32f10x_it.o(i.PendSV_Handler) for PendSV_Handler
    startup_stm32f10x_md.o(RESET) refers to stm32f10x_it.o(i.SysTick_Handler) for SysTick_Handler
    startup_stm32f10x_md.o(RESET) refers to tim3.o(i.TIM3_IRQHandler) for TIM3_IRQHandler
    startup_stm32f10x_md.o(RESET) refers to uasrt.o(i.USART1_IRQHandler) for USART1_IRQHandler
    startup_stm32f10x_md.o(RESET) refers to hc05.o(i.USART2_IRQHandler) for USART2_IRQHandler
    startup_stm32f10x_md.o(.text) refers to system_stm32f10x.o(i.SystemInit) for SystemInit
    startup_stm32f10x_md.o(.text) refers to entry.o(.ARM.Collect$$$$00000000) for __main
    system_stm32f10x.o(i.SetSysClock) refers to system_stm32f10x.o(i.SetSysClockTo72) for SetSysClockTo72
    system_stm32f10x.o(i.SystemCoreClockUpdate) refers to system_stm32f10x.o(.data) for SystemCoreClock
    system_stm32f10x.o(i.SystemInit) refers to system_stm32f10x.o(i.SetSysClock) for SetSysClock
    stm32f10x_adc.o(i.ADC_DeInit) refers to stm32f10x_rcc.o(i.RCC_APB2PeriphResetCmd) for RCC_APB2PeriphResetCmd
    stm32f10x_bkp.o(i.BKP_DeInit) refers to stm32f10x_rcc.o(i.RCC_BackupResetCmd) for RCC_BackupResetCmd
    stm32f10x_can.o(i.CAN_DeInit) refers to stm32f10x_rcc.o(i.RCC_APB1PeriphResetCmd) for RCC_APB1PeriphResetCmd
    stm32f10x_can.o(i.CAN_GetITStatus) refers to stm32f10x_can.o(i.CheckITStatus) for CheckITStatus
    stm32f10x_can.o(i.CAN_Receive) refers to stm32f10x_can.o(i.CAN_FIFORelease) for CAN_FIFORelease
    stm32f10x_cec.o(i.CEC_DeInit) refers to stm32f10x_rcc.o(i.RCC_APB1PeriphResetCmd) for RCC_APB1PeriphResetCmd
    stm32f10x_dac.o(i.DAC_DeInit) refers to stm32f10x_rcc.o(i.RCC_APB1PeriphResetCmd) for RCC_APB1PeriphResetCmd
    stm32f10x_flash.o(i.FLASH_EnableWriteProtection) refers to stm32f10x_flash.o(i.FLASH_WaitForLastOperation) for FLASH_WaitForLastOperation
    stm32f10x_flash.o(i.FLASH_EraseAllBank1Pages) refers to stm32f10x_flash.o(i.FLASH_WaitForLastBank1Operation) for FLASH_WaitForLastBank1Operation
    stm32f10x_flash.o(i.FLASH_EraseAllPages) refers to stm32f10x_flash.o(i.FLASH_WaitForLastOperation) for FLASH_WaitForLastOperation
    stm32f10x_flash.o(i.FLASH_EraseOptionBytes) refers to stm32f10x_flash.o(i.FLASH_GetReadOutProtectionStatus) for FLASH_GetReadOutProtectionStatus
    stm32f10x_flash.o(i.FLASH_EraseOptionBytes) refers to stm32f10x_flash.o(i.FLASH_WaitForLastOperation) for FLASH_WaitForLastOperation
    stm32f10x_flash.o(i.FLASH_ErasePage) refers to stm32f10x_flash.o(i.FLASH_WaitForLastOperation) for FLASH_WaitForLastOperation
    stm32f10x_flash.o(i.FLASH_ProgramHalfWord) refers to stm32f10x_flash.o(i.FLASH_WaitForLastOperation) for FLASH_WaitForLastOperation
    stm32f10x_flash.o(i.FLASH_ProgramOptionByteData) refers to stm32f10x_flash.o(i.FLASH_WaitForLastOperation) for FLASH_WaitForLastOperation
    stm32f10x_flash.o(i.FLASH_ProgramWord) refers to stm32f10x_flash.o(i.FLASH_WaitForLastOperation) for FLASH_WaitForLastOperation
    stm32f10x_flash.o(i.FLASH_ReadOutProtection) refers to stm32f10x_flash.o(i.FLASH_WaitForLastOperation) for FLASH_WaitForLastOperation
    stm32f10x_flash.o(i.FLASH_UserOptionByteConfig) refers to stm32f10x_flash.o(i.FLASH_WaitForLastOperation) for FLASH_WaitForLastOperation
    stm32f10x_flash.o(i.FLASH_WaitForLastBank1Operation) refers to stm32f10x_flash.o(i.FLASH_GetBank1Status) for FLASH_GetBank1Status
    stm32f10x_flash.o(i.FLASH_WaitForLastOperation) refers to stm32f10x_flash.o(i.FLASH_GetBank1Status) for FLASH_GetBank1Status
    stm32f10x_gpio.o(i.GPIO_AFIODeInit) refers to stm32f10x_rcc.o(i.RCC_APB2PeriphResetCmd) for RCC_APB2PeriphResetCmd
    stm32f10x_gpio.o(i.GPIO_DeInit) refers to stm32f10x_rcc.o(i.RCC_APB2PeriphResetCmd) for RCC_APB2PeriphResetCmd
    stm32f10x_i2c.o(i.I2C_DeInit) refers to stm32f10x_rcc.o(i.RCC_APB1PeriphResetCmd) for RCC_APB1PeriphResetCmd
    stm32f10x_i2c.o(i.I2C_Init) refers to stm32f10x_rcc.o(i.RCC_GetClocksFreq) for RCC_GetClocksFreq
[...]
    Removing stm32f10x_tim.o(i.TIM_DeInit), (488 bytes).
    Removing stm32f10x_tim.o(i.TIM_ETRClockMode1Config), (54 bytes).
    Removing stm32f10x_tim.o(i.TIM_ETRClockMode2Config), (32 bytes).
    Removing stm32f10x_tim.o(i.TIM_ETRConfig), (28 bytes).
    Removing stm32f10x_tim.o(i.TIM_EncoderInterfaceConfig), (66 bytes).
    Removing stm32f10x_tim.o(i.TIM_ForcedOC1Config), (18 bytes).
    Removing stm32f10x_tim.o(i.TIM_ForcedOC2Config), (26 bytes).
    Removing stm32f10x_tim.o(i.TIM_ForcedOC3Config), (18 bytes).
    Removing stm32f10x_tim.o(i.TIM_ForcedOC4Config), (26 bytes).
    Removing stm32f10x_tim.o(i.TIM_GenerateEvent), (4 bytes).
    Removing stm32f10x_tim.o(i.TIM_GetCapture1), (6 bytes).
    Removing stm32f10x_tim.o(i.TIM_GetCapture2), (6 bytes).
    Removing stm32f10x_tim.o(i.TIM_GetCapture3), (6 bytes).
    Removing stm32f10x_tim.o(i.TIM_GetCapture4), (8 bytes).
    Removing stm32f10x_tim.o(i.TIM_GetCounter), (6 bytes).
    Removing stm32f10x_tim.o(i.TIM_GetFlagStatus), (18 bytes).
    Removing stm32f10x_tim.o(i.TIM_GetITStatus), (34 bytes).
    Removing stm32f10x_tim.o(i.TIM_GetPrescaler), (6 bytes).
    Removing stm32f10x_tim.o(i.TIM_ICInit), (172 bytes).
    Removing stm32f10x_tim.o(i.TIM_ICStructInit), (18 bytes).
    Removing stm32f10x_tim.o(i.TIM_ITConfig), (18 bytes).
    Removing stm32f10x_tim.o(i.TIM_ITRxExternalClockConfig), (24 bytes).
    Removing stm32f10x_tim.o(i.TIM_InternalClockConfig), (12 bytes).
    Removing stm32f10x_tim.o(i.TIM_OC1FastConfig), (18 bytes).
    Removing stm32f10x_tim.o(i.TIM_OC1Init), (152 bytes).
    Removing stm32f10x_tim.o(i.TIM_OC1NPolarityConfig), (18 bytes).
    Removing stm32f10x_tim.o(i.TIM_OC1PolarityConfig), (18 bytes).
    Removing stm32f10x_tim.o(i.TIM_OC1PreloadConfig), (18 bytes).
    Removing stm32f10x_tim.o(i.TIM_OC2FastConfig), (26 bytes).
    Removing stm32f10x_tim.o(i.TIM_OC2Init), (164 bytes).
    Removing stm32f10x_tim.o(i.TIM_OC2NPolarityConfig), (26 bytes).
    Removing stm32f10x_tim.o(i.TIM_OC2PolarityConfig), (26 bytes).
    Removing stm32f10x_tim.o(i.TIM_OC2PreloadConfig), (26 bytes).
    Removing stm32f10x_tim.o(i.TIM_OC3FastConfig), (18 bytes).
    Removing stm32f10x_tim.o(i.TIM_OC3NPolarityConfig), (26 bytes).
    Removing stm32f10x_tim.o(i.TIM_OC3PolarityConfig), (26 bytes).
    Removing stm32f10x_tim.o(i.TIM_OC4FastConfig), (26 bytes).
    Removing stm32f10x_tim.o(i.TIM_OC4PolarityConfig), (26 bytes).
    Removing stm32f10x_tim.o(i.TIM_OCStructInit), (20 bytes).
    Removing stm32f10x_tim.o(i.TIM_PWMIConfig), (124 bytes).
    Removing stm32f10x_tim.o(i.TIM_PrescalerConfig), (6 bytes).
    Removing stm32f10x_tim.o(i.TIM_SelectCCDMA), (24 bytes).
    Removing stm32f10x_tim.o(i.TIM_SelectCOM), (24 bytes).
    Removing stm32f10x_tim.o(i.TIM_SelectHallSensor), (24 bytes).
    Removing stm32f10x_tim.o(i.TIM_SelectInputTrigger), (18 bytes).
    Removing stm32f10x_tim.o(i.TIM_SelectMasterSlaveMode), (18 bytes).
    Removing stm32f10x_tim.o(i.TIM_SelectOCxM), (82 bytes).
    Removing stm32f10x_tim.o(i.TIM_SelectOnePulseMode), (18 bytes).
    Removing stm32f10x_tim.o(i.TIM_SelectOutputTrigger), (18 bytes).
    Removing stm32f10x_tim.o(i.TIM_SelectSlaveMode), (18 bytes).
    Removing stm32f10x_tim.o(i.TIM_SetAutoreload), (4 bytes).
    Removing stm32f10x_tim.o(i.TIM_SetClockDivision), (18 bytes).
    Removing stm32f10x_tim.o(i.TIM_SetCompare1), (4 bytes).
    Removing stm32f10x_tim.o(i.TIM_SetCompare2), (4 bytes).
    Removing stm32f10x_tim.o(i.TIM_SetCounter), (4 bytes).
    Removing stm32f10x_tim.o(i.TIM_SetIC1Prescaler), (18 bytes).
    Removing stm32f10x_tim.o(i.TIM_SetIC2Prescaler), (26 bytes).
    Removing stm32f10x_tim.o(i.TIM_SetIC3Prescaler), (18 bytes).
    Removing stm32f10x_tim.o(i.TIM_SetIC4Prescaler), (26 bytes).
    Removing stm32f10x_tim.o(i.TIM_TIxExternalClockConfig), (62 bytes).
    Removing stm32f10x_tim.o(i.TIM_TimeBaseStructInit), (18 bytes).
    Removing stm32f10x_tim.o(i.TIM_UpdateDisableConfig), (24 bytes).
    Removing stm32f10x_tim.o(i.TIM_UpdateRequestConfig), (24 bytes).
    Removing stm32f10x_usart.o(i.USART_ClearFlag), (18 bytes).
    Removing stm32f10x_usart.o(i.USART_ClockInit), (34 bytes).
    Removing stm32f10x_usart.o(i.USART_ClockStructInit), (12 bytes).
    Removing stm32f10x_usart.o(i.USART_DMACmd), (18 bytes).
    Removing stm32f10x_usart.o(i.USART_DeInit), (156 bytes).
    Removing stm32f10x_usart.o(i.USART_HalfDuplexCmd), (24 bytes).
    Removing stm32f10x_usart.o(i.USART_IrDACmd), (24 bytes).
    Removing stm32f10x_usart.o(i.USART_IrDAConfig), (18 bytes).
    Removing stm32f10x_usart.o(i.USART_LINBreakDetectLengthConfig), (18 bytes).
    Removing stm32f10x_usart.o(i.USART_LINCmd), (24 bytes).
    Removing stm32f10x_usart.o(i.USART_OneBitMethodCmd), (24 bytes).
    Removing stm32f10x_usart.o(i.USART_OverSampling8Cmd), (22 bytes).
    Removing stm32f10x_usart.o(i.USART_ReceiverWakeUpCmd), (24 bytes).
    Removing stm32f10x_usart.o(i.USART_SendBreak), (10 bytes).
    Removing stm32f10x_usart.o(i.USART_SetAddress), (18 bytes).
    Removing stm32f10x_usart.o(i.USART_SetGuardTime), (16 bytes).
    Removing stm32f10x_usart.o(i.USART_SetPrescaler), (16 bytes).
    Removing stm32f10x_usart.o(i.USART_SmartCardCmd), (24 bytes).
    Removing stm32f10x_usart.o(i.USART_SmartCardNACKCmd), (24 bytes).
    Removing stm32f10x_usart.o(i.USART_StructInit), (24 bytes).
    Removing stm32f10x_usart.o(i.USART_WakeUpConfig), (18 bytes).
    Removing stm32f10x_wwdg.o(i.WWDG_ClearFlag), (12 bytes).
    Removing stm32f10x_wwdg.o(i.WWDG_DeInit), (22 bytes).
    Removing stm32f10x_wwdg.o(i.WWDG_Enable), (16 bytes).
    Removing stm32f10x_wwdg.o(i.WWDG_EnableIT), (12 bytes).
    Removing stm32f10x_wwdg.o(i.WWDG_GetFlagStatus), (12 bytes).
    Removing stm32f10x_wwdg.o(i.WWDG_SetCounter), (16 bytes).
    Removing stm32f10x_wwdg.o(i.WWDG_SetPrescaler), (24 bytes).
    Removing stm32f10x_wwdg.o(i.WWDG_SetWindowValue), (40 bytes).
    Removing oled.o(i.OLED_DrawArc), (618 bytes).
    Removing oled.o(i.OLED_DrawCircle), (352 bytes).
    Removing oled.o(i.OLED_DrawEllipse), (812 bytes).
    Removing oled.o(i.OLED_DrawLine), (374 bytes).
    Removing oled.o(i.OLED_DrawTriangle), (232 bytes).
    Removing oled.o(i.OLED_GetPoint), (68 bytes).
    Removing oled.o(i.OLED_IsInAngle), (124 bytes).
    Removing oled.o(i.OLED_Printf), (50 bytes).
    Removing oled.o(i.OLED_Reverse), (52 bytes).
    Removing oled.o(i.OLED_ReverseArea), (168 bytes).
    Removing oled.o(i.OLED_ShowBinNum), (70 bytes).
    Removing oled.o(i.OLED_ShowFloatNum), (210 bytes).
    Removing oled.o(i.OLED_ShowHexNum), (96 bytes).
    Removing oled.o(i.OLED_ShowSignedNum), (112 bytes).
    Removing oled.o(i.OLED_UpdateArea), (124 bytes).
    Removing oled.o(i.OLED_pnpoly), (140 bytes).
    Removing sg90.o(i.Servo12_0du), (32 bytes).
    Removing sg90.o(i.Servo12_180du), (32 bytes).
    Removing delay.o(i.delay_ms_Int), (96 bytes).
    Removing delay.o(.data), (2 bytes).
    Removing beep.o(i.Beep_Toggle), (20 bytes).
    Removing uasrt.o(i.UART1_Send_Datas), (44 bytes).
    Removing w25q128.o(i.W25Q128_Read_MFID), (68 bytes).
    Removing adc.o(.data), (4 bytes).
    Removing hc05.o(i.Float_to_Byte), (20 bytes).
    Removing hc05.o(i.Int_to_Byte), (20 bytes).
    Removing hc05.o(i.Short_to_Byte), (8 bytes).
    Removing hc05.o(i.USART2_Pow), (20 bytes).
    Removing hc05.o(i.USART2_Printf), (36 bytes).
    Removing hc05.o(i.USART2_SendArray), (26 bytes).
    Removing hc05.o(i.USART2_SendNumber), (58 bytes).
    Removing hc05.o(i.USART2_SendString), (26 bytes).
    Removing hc05.o(i.checksum), (28 bytes).
    Removing hc05.o(i.lanya_transmit), (84 bytes).
    Removing main.o(i.SysTick_Init), (64 bytes).
    Removing main.o(i.Test_SmokeConcentration), (208 bytes).
    Removing main.o(i.W25Q128_Test), (308 bytes).
    Removing main.o(i.millis), (12 bytes).
    Removing main.o(i.test_beep), (68 bytes).
    Removing main.o(i.test_key), (332 bytes).
    Removing main.o(i.test_led), (40 bytes).
    Removing main.o(i.test_oled), (88 bytes).
    Removing main.o(i.test_usart), (160 bytes).
    Removing main.o(i.testdht11), (324 bytes).
    Removing main.o(i.testhc05), (176 bytes).
    Removing main.o(i.testsg90), (172 bytes).
    Removing fadd.o(.text), (176 bytes).
    Removing dflti.o(.text), (34 bytes).
    Removing dfixi.o(.text), (62 bytes).
    Removing dfixui.o(.text), (50 bytes).
    Removing cdcmple.o(.text), (48 bytes).
    Removing dscalb.o(.text), (46 bytes).

479 unused section(s) (total 23634 bytes) removed from the image.

==============================================================================

Image Symbol Table

    Local Symbols

    Symbol Name                              Value     Ov Type        Size  Object(Section)

    ../clib/microlib/division.c              0x00000000   Number         0  uldiv.o ABSOLUTE
    ../clib/microlib/division.c              0x00000000   Number         0  uidiv.o ABSOLUTE
    ../clib/microlib/errno.c                 0x00000000   Number         0  errno.o ABSOLUTE
    ../clib/microlib/init/entry.s            0x00000000   Number         0  entry9b.o ABSOLUTE
    ../clib/microlib/init/entry.s            0x00000000   Number         0  entry7b.o ABSOLUTE
    ../clib/microlib/init/entry.s            0x00000000   Number         0  entry7a.o ABSOLUTE
    ../clib/microlib/init/entry.s            0x00000000   Number         0  entry5.o ABSOLUTE
    ../clib/microlib/init/entry.s            0x00000000   Number         0  entry2.o ABSOLUTE
    ../clib/microlib/init/entry.s            0x00000000   Number         0  entry11b.o ABSOLUTE
    ../clib/microlib/init/entry.s            0x00000000   Number         0  entry11a.o ABSOLUTE
    ../clib/microlib/init/entry.s            0x00000000   Number         0  entry10b.o ABSOLUTE
    ../clib/microlib/init/entry.s            0x00000000   Number         0  entry10a.o ABSOLUTE
    ../clib/microlib/init/entry.s            0x00000000   Number         0  entry.o ABSOLUTE
    ../clib/microlib/init/entry.s            0x00000000   Number         0  entry8b.o ABSOLUTE
    ../clib/microlib/init/entry.s            0x00000000   Number         0  entry8a.o ABSOLUTE
    ../clib/microlib/init/entry.s            0x00000000   Number         0  entry9a.o ABSOLUTE
    ../clib/microlib/longlong.c              0x00000000   Number         0  llshl.o ABSOLUTE
    ../clib/microlib/longlong.c              0x00000000   Number         0  llsshr.o ABSOLUTE
    ../clib/microlib/longlong.c              0x00000000   Number         0  llushr.o ABSOLUTE
    ../clib/microlib/printf/printf.c         0x00000000   Number         0  printf5.o ABSOLUTE
    ../clib/microlib/printf/printf.c         0x00000000   Number         0  printf4.o ABSOLUTE
    ../clib/microlib/printf/printf.c         0x00000000   Number         0  printf3.o ABSOLUTE
    ../clib/microlib/printf/printf.c         0x00000000   Number         0  printf0.o ABSOLUTE
    ../clib/microlib/printf/printf.c         0x00000000   Number         0  printf2.o ABSOLUTE
    ../clib/microlib/printf/printf.c         0x00000000   Number         0  printfb.o ABSOLUTE
    ../clib/microlib/printf/printf.c         0x00000000   Number         0  printf8.o ABSOLUTE
    ../clib/microlib/printf/printf.c         0x00000000   Number         0  printf1.o ABSOLUTE
    ../clib/microlib/printf/printf.c         0x00000000   Number         0  printfa.o ABSOLUTE
    ../clib/microlib/printf/printf.c         0x00000000   Number         0  printf7.o ABSOLUTE
    ../clib/microlib/printf/printf.c         0x00000000   Number         0  printf6.o ABSOLUTE
    ../clib/microlib/printf/stubs.s          0x00000000   Number         0  stubs.o ABSOLUTE
    ../clib/microlib/stdio/streams.c         0x00000000   Number         0  stdout.o ABSOLUTE
    ../clib/microlib/string/memset.c         0x00000000   Number         0  memseta.o ABSOLUTE
    ../clib/microlib/string/strcmp.c         0x00000000   Number         0  strcmp.o ABSOLUTE
    ../clib/microlib/stubs.s                 0x00000000   Number         0  iusefp.o ABSOLUTE
    ../fplib/microlib/d2f.c                  0x00000000   Number         0  d2f.o ABSOLUTE
    ../fplib/microlib/f2d.c                  0x00000000   Number         0  f2d.o ABSOLUTE
    ../fplib/microlib/fpadd.c                0x00000000   Number         0  dadd.o ABSOLUTE
    ../fplib/microlib/fpadd.c                0x00000000   Number         0  fadd.o ABSOLUTE
    ../fplib/microlib/fpdiv.c                0x00000000   Number         0  ddiv.o ABSOLUTE
    ../fplib/microlib/fpepilogue.c           0x00000000   Number         0  fepilogue.o ABSOLUTE
    ../fplib/microlib/fpepilogue.c           0x00000000   Number         0  depilogue.o ABSOLUTE
    ../fplib/microlib/fpfix.c                0x00000000   Number         0  dfixul.o ABSOLUTE
    ../fplib/microlib/fpfix.c                0x00000000   Number         0  dfixui.o ABSOLUTE
    ../fplib/microlib/fpfix.c                0x00000000   Number         0  dfixi.o ABSOLUTE
    ../fplib/microlib/fpflt.c                0x00000000   Number         0  fflti.o ABSOLUTE
    ../fplib/microlib/fpflt.c                0x00000000   Number         0  dflti.o ABSOLUTE
    ../fplib/microlib/fpflt.c                0x00000000   Number         0  dfltui.o ABSOLUTE
    ../fplib/microlib/fpmul.c                0x00000000   Number         0  dmul.o ABSOLUTE
    ../fplib/microlib/fpscalb.c              0x00000000   Number         0  dscalb.o ABSOLUTE
    ../mathlib/atan.c                        0x00000000   Number         0  atan.o ABSOLUTE
    ../mathlib/atan.c                        0x00000000   Number         0  atan_x.o ABSOLUTE
    ../mathlib/atan2.c                       0x00000000   Number         0  atan2_x.o ABSOLUTE
    ../mathlib/atan2.c                       0x00000000   Number         0  atan2.o ABSOLUTE
    ../mathlib/dunder.c                      0x00000000   Number         0  dunder.o ABSOLUTE
    ../mathlib/fpclassify.c                  0x00000000   Number         0  fpclassify.o ABSOLUTE
    ../mathlib/poly.c                        0x00000000   Number         0  poly.o ABSOLUTE
    ../mathlib/qnan.c                        0x00000000   Number         0  qnan.o ABSOLUTE
    ..\CORE\core_cm3.c                       0x00000000   Number         0  core_cm3.o ABSOLUTE
    ..\CORE\startup_stm32f10x_md.s           0x00000000   Number         0  startup_stm32f10x_md.o ABSOLUTE
    ..\CORE\system_stm32f10x.c               0x00000000   Number         0  system_stm32f10x.o ABSOLUTE
    ..\FWLIB\src\misc.c                      0x00000000   Number         0  misc.o ABSOLUTE
    ..\FWLIB\src\stm32f10x_adc.c             0x00000000   Number         0  stm32f10x_adc.o ABSOLUTE
    ..\FWLIB\src\stm32f10x_bkp.c             0x00000000   Number         0  stm32f10x_bkp.o ABSOLUTE
    ..\FWLIB\src\stm32f10x_can.c             0x00000000   Number         0  stm32f10x_can.o ABSOLUTE
    ..\FWLIB\src\stm32f10x_cec.c             0x00000000   Number         0  stm32f10x_cec.o ABSOLUTE
    ..\FWLIB\src\stm32f10x_crc.c             0x00000000   Number         0  stm32f10x_crc.o ABSOLUTE
    ..\FWLIB\src\stm32f10x_dac.c             0x00000000   Number         0  stm32f10x_dac.o ABSOLUTE
    ..\FWLIB\src\stm32f10x_dbgmcu.c          0x00000000   Number         0  stm32f10x_dbgmcu.o ABSOLUTE
    ..\FWLIB\src\stm32f10x_dma.c             0x00000000   Number         0  stm32f10x_dma.o ABSOLUTE
    ..\FWLIB\src\stm32f10x_exti.c            0x00000000   Number         0  stm32f10x_exti.o ABSOLUTE
    ..\FWLIB\src\stm32f10x_flash.c           0x00000000   Number         0  stm32f10x_flash.o ABSOLUTE
    ..\FWLIB\src\stm32f10x_fsmc.c            0x00000000   Number         0  stm32f10x_fsmc.o ABSOLUTE
    ..\FWLIB\src\stm32f10x_gpio.c            0x00000000   Number         0  stm32f10x_gpio.o ABSOLUTE
    ..\FWLIB\src\stm32f10x_i2c.c             0x00000000   Number         0  stm32f10x_i2c.o ABSOLUTE
    ..\FWLIB\src\stm32f10x_iwdg.c            0x00000000   Number         0  stm32f10x_iwdg.o ABSOLUTE
    ..\FWLIB\src\stm32f10x_pwr.c             0x00000000   Number         0  stm32f10x_pwr.o ABSOLUTE
    ..\FWLIB\src\stm32f10x_rcc.c             0x00000000   Number         0  stm32f10x_rcc.o ABSOLUTE
    ..\FWLIB\src\stm32f10x_rtc.c             0x00000000   Number         0  stm32f10x_rtc.o ABSOLUTE
    ..\FWLIB\src\stm32f10x_sdio.c            0x00000000   Number         0  stm32f10x_sdio.o ABSOLUTE
    ..\FWLIB\src\stm32f10x_spi.c             0x00000000   Number         0  stm32f10x_spi.o ABSOLUTE
    ..\FWLIB\src\stm32f10x_tim.c             0x00000000   Number         0  stm32f10x_tim.o ABSOLUTE
    ..\FWLIB\src\stm32f10x_usart.c           0x00000000   Number         0  stm32f10x_usart.o ABSOLUTE
    ..\FWLIB\src\stm32f10x_wwdg.c            0x00000000   Number         0  stm32f10x_wwdg.o ABSOLUTE
    ..\SYSTEM\DHT11.c                        0x00000000   Number         0  dht11.o ABSOLUTE
    ..\SYSTEM\HC05.c                         0x00000000   Number         0  hc05.o ABSOLUTE
    ..\SYSTEM\OLED_Data.c                    0x00000000   Number         0  oled_data.o ABSOLUTE
    ..\SYSTEM\SG90.C                         0x00000000   Number         0  sg90.o ABSOLUTE
    ..\SYSTEM\W25Q128.c                      0x00000000   Number         0  w25q128.o ABSOLUTE
    ..\SYSTEM\adc.c                          0x00000000   Number         0  adc.o ABSOLUTE
    ..\SYSTEM\beep.c                         0x00000000   Number         0  beep.o ABSOLUTE
    ..\SYSTEM\delay.c                        0x00000000   Number         0  delay.o ABSOLUTE
    ..\SYSTEM\key.c                          0x00000000   Number         0  key.o ABSOLUTE
    ..\SYSTEM\led.c                          0x00000000   Number         0  led.o ABSOLUTE
    ..\SYSTEM\oled.c                         0x00000000   Number         0  oled.o ABSOLUTE
    ..\SYSTEM\tim3.c                         0x00000000   Number         0  tim3.o ABSOLUTE
    ..\SYSTEM\uasrt.c                        0x00000000   Number         0  uasrt.o ABSOLUTE
    ..\\CORE\\core_cm3.c                     0x00000000   Number         0  core_cm3.o ABSOLUTE
    SRC\main.c                               0x00000000   Number         0  main.o ABSOLUTE
    SRC\stm32f10x_it.c                       0x00000000   Number         0  stm32f10x_it.o ABSOLUTE
    cdcmple.s                                0x00000000   Number         0  cdcmple.o ABSOLUTE
    cdrcmple.s                               0x00000000   Number         0  cdrcmple.o ABSOLUTE
    cfcmple.s                                0x00000000   Number         0  cfcmple.o ABSOLUTE
    dc.s                                     0x00000000   Number         0  dc.o ABSOLUTE
    handlers.s                               0x00000000   Number         0  handlers.o ABSOLUTE
    init.s                                   0x00000000   Number         0  init.o ABSOLUTE
    RESET                                    0x08000000   Section      236  startup_stm32f10x_md.o(RESET)
    .ARM.Collect$$$$00000000                 0x080000ec   Section        0  entry.o(.ARM.Collect$$$$00000000)
    .ARM.Collect$$$$00000001                 0x080000ec   Section        4  entry2.o(.ARM.Collect$$$$00000001)
    .ARM.Collect$$$$00000004                 0x080000f0   Section        4  entry5.o(.ARM.Collect$$$$00000004)
    .ARM.Collect$$$$00000008                 0x080000f4   Section        0  entry7b.o(.ARM.Collect$$$$00000008)
    .ARM.Collect$$$$0000000A                 0x080000f4   Section        0  entry8b.o(.ARM.Collect$$$$0000000A)
    .ARM.Collect$$$$0000000B                 0x080000f4   Section        8  entry9a.o(.ARM.Collect$$$$0000000B)
    .ARM.Collect$$$$0000000D                 0x080000fc   Section        0  entry10a.o(.ARM.Collect$$$$0000000D)
    .ARM.Collect$$$$0000000F                 0x080000fc   Section        0  entry11a.o(.ARM.Collect$$$$0000000F)
    .ARM.Collect$$$$00002712                 0x080000fc   Section        4  entry2.o(.ARM.Collect$$$$00002712)
    __lit__00000000                          0x080000fc   Data           4  entry2.o(.ARM.Collect$$$$00002712)
    .text                                    0x08000100   Section       36  startup_stm32f10x_md.o(.text)
    .text                                    0x08000124   Section        0  memseta.o(.text)
    .text                                    0x08000148   Section        0  strcmp.o(.text)
    .text                                    0x08000164   Section        0  dadd.o(.text)
    .text                                    0x080002b2   Section        0  dmul.o(.text)
    .text                                    0x08000396   Section        0  ddiv.o(.text)
    .text                                    0x08000474   Section        0  fflti.o(.text)
    .text                                    0x08000486   Section        0  dfltui.o(.text)
    .text                                    0x080004a0   Section        0  f2d.o(.text)
    .text                                    0x080004c8   Section       48  cdrcmple.o(.text)
    .text                                    0x080004f8   Section        0  d2f.o(.text)
    .text                                    0x08000530   Section       20  cfcmple.o(.text)
    .text                                    0x08000544   Section        0  uidiv.o(.text)
    .text                                    0x08000570   Section        0  uldiv.o(.text)
    .text                                    0x080005d2   Section        0  llshl.o(.text)
    .text                                    0x080005f0   Section        0  llushr.o(.text)
    .text                                    0x08000610   Section        0  llsshr.o(.text)
    .text                                    0x08000634   Section        0  fepilogue.o(.text)
    .text                                    0x08000634   Section        0  iusefp.o(.text)
    .text                                    0x080006a2   Section        0  depilogue.o(.text)
    .text                                    0x0800075c   Section        0  dfixul.o(.text)
    .text                                    0x0800078c   Section       36  init.o(.text)
    i.ADC_Cmd                                0x080007b0   Section        0  stm32f10x_adc.o(i.ADC_Cmd)
    i.ADC_DeInit                             0x080007c8   Section        0  stm32f10x_adc.o(i.ADC_DeInit)
    i.ADC_GetCalibrationStatus               0x08000824   Section        0  stm32f10x_adc.o(i.ADC_GetCalibrationStatus)
    i.ADC_GetConversionValue                 0x08000838   Section        0  stm32f10x_adc.o(i.ADC_GetConversionValue)
    i.ADC_GetFlagStatus                      0x08000840   Section        0  stm32f10x_adc.o(i.ADC_GetFlagStatus)
    i.ADC_GetResetCalibrationStatus          0x08000852   Section        0  stm32f10x_adc.o(i.ADC_GetResetCalibrationStatus)
    i.ADC_Init                               0x08000868   Section        0  stm32f10x_adc.o(i.ADC_Init)
    i.ADC_RegularChannelConfig               0x080008b8   Section        0  stm32f10x_adc.o(i.ADC_RegularChannelConfig)
    i.ADC_ResetCalibration                   0x08000970   Section        0  stm32f10x_adc.o(i.ADC_ResetCalibration)
    i.ADC_SoftwareStartConvCmd               0x0800097a   Section        0  stm32f10x_adc.o(i.ADC_SoftwareStartConvCmd)
    i.ADC_StartCalibration                   0x08000990   Section        0  stm32f10x_adc.o(i.ADC_StartCalibration)
    i.Adc_Init                               0x0800099c   Section        0  adc.o(i.Adc_Init)
    i.Beep_Init                              0x08000a2c   Section        0  beep.o(i.Beep_Init)
    i.BusFault_Handler                       0x08000a60   Section        0  stm32f10x_it.o(i.BusFault_Handler)
    i.DHT11_Check                            0x08000a64   Section        0  dht11.o(i.DHT11_Check)
    DHT11_Check                              0x08000a65   Thumb Code    82  dht11.o(i.DHT11_Check)
    i.DHT11_Init                             0x08000abc   Section        0  dht11.o(i.DHT11_Init)
    i.DHT11_Read_Bit                         0x08000aec   Section        0  dht11.o(i.DHT11_Read_Bit)
    DHT11_Read_Bit                           0x08000aed   Thumb Code    82  dht11.o(i.DHT11_Read_Bit)
    i.DHT11_Read_Byte                        0x08000b44   Section        0  dht11.o(i.DHT11_Read_Byte)
    DHT11_Read_Byte                          0x08000b45   Thumb Code    30  dht11.o(i.DHT11_Read_Byte)
    i.DHT11_Read_Data                        0x08000b62   Section        0  dht11.o(i.DHT11_Read_Data)
    i.DHT11_Rst                              0x08000bbc   Section        0  dht11.o(i.DHT11_Rst)
    DHT11_Rst                                0x08000bbd   Thumb Code    44  dht11.o(i.DHT11_Rst)
    i.DebugMon_Handler                       0x08000bec   Section        0  stm32f10x_it.o(i.DebugMon_Handler)
    i.GPIO_Init                              0x08000bee   Section        0  stm32f10x_gpio.o(i.GPIO_Init)
    i.GPIO_PinRemapConfig                    0x08000d04   Section        0  stm32f10x_gpio.o(i.GPIO_PinRemapConfig)
    i.GPIO_ReadInputDataBit                  0x08000d94   Section        0  stm32f10x_gpio.o(i.GPIO_ReadInputDataBit)
    i.GPIO_ResetBits                         0x08000da6   Section        0  stm32f10x_gpio.o(i.GPIO_ResetBits)
    i.GPIO_SETIN                             0x08000dac   Section        0  dht11.o(i.GPIO_SETIN)
    GPIO_SETIN                               0x08000dad   Thumb Code    16  dht11.o(i.GPIO_SETIN)
    i.GPIO_SETOUT                            0x08000dc4   Section        0  dht11.o(i.GPIO_SETOUT)
    GPIO_SETOUT                              0x08000dc5   Thumb Code    16  dht11.o(i.GPIO_SETOUT)
    i.GPIO_SetBits                           0x08000ddc   Section        0  stm32f10x_gpio.o(i.GPIO_SetBits)
    i.GPIO_WriteBit                          0x08000de0   Section        0  stm32f10x_gpio.o(i.GPIO_WriteBit)
    i.Get_Adc                                0x08000dec   Section        0  adc.o(i.Get_Adc)
    i.Get_Adc_Average                        0x08000e20   Section        0  adc.o(i.Get_Adc_Average)
    i.HardFault_Handler                      0x08000e50   Section        0  stm32f10x_it.o(i.HardFault_Handler)
    i.Init                                   0x08000e54   Section        0  main.o(i.Init)
    i.Init_Led                               0x08000ec4   Section        0  led.o(i.Init_Led)
    i.Init_UART1                             0x08000f18   Section        0  uasrt.o(i.Init_UART1)
    i.Key_Init                               0x08000fd0   Section        0  key.o(i.Key_Init)
    i.Key_Status                             0x08000ff4   Section        0  key.o(i.Key_Status)
    i.Led_Ctl                                0x08001038   Section        0  led.o(i.Led_Ctl)
    i.MemManage_Handler                      0x08001090   Section        0  stm32f10x_it.o(i.MemManage_Handler)
    i.NMI_Handler                            0x08001094   Section        0  stm32f10x_it.o(i.NMI_Handler)
    i.NVIC_Init                              0x08001098   Section        0  misc.o(i.NVIC_Init)
    i.NVIC_PriorityGroupConfig               0x08001108   Section        0  misc.o(i.NVIC_PriorityGroupConfig)
    i.NVIC_SetPriority                       0x0800111c   Section        0  main.o(i.NVIC_SetPriority)
    NVIC_SetPriority                         0x0800111d   Thumb Code    32  main.o(i.NVIC_SetPriority)
    i.OLED_Clear                             0x08001144   Section        0  oled.o(i.OLED_Clear)
    i.OLED_ClearArea                         0x0800116c   Section        0  oled.o(i.OLED_ClearArea)
    i.OLED_DrawPoint                         0x08001214   Section        0  oled.o(i.OLED_DrawPoint)
    i.OLED_DrawRectangle                     0x08001264   Section        0  oled.o(i.OLED_DrawRectangle)
    i.OLED_GPIO_Init                         0x080012f4   Section        0  oled.o(i.OLED_GPIO_Init)
    i.OLED_I2C_SendByte                      0x08001350   Section        0  oled.o(i.OLED_I2C_SendByte)
    i.OLED_I2C_Start                         0x0800138e   Section        0  oled.o(i.OLED_I2C_Start)
    i.OLED_I2C_Stop                          0x080013aa   Section        0  oled.o(i.OLED_I2C_Stop)
    i.OLED_Init                              0x080013c0   Section        0  oled.o(i.OLED_Init)
    i.OLED_Pow                               0x08001452   Section        0  oled.o(i.OLED_Pow)
    i.OLED_SetCursor                         0x08001466   Section        0  oled.o(i.OLED_SetCursor)
    i.OLED_ShowChar                          0x08001488   Section        0  oled.o(i.OLED_ShowChar)
    i.OLED_ShowChinese                       0x080014dc   Section        0  oled.o(i.OLED_ShowChinese)
    i.OLED_ShowImage                         0x08001574   Section        0  oled.o(i.OLED_ShowImage)
    i.OLED_ShowNum                           0x080016a0   Section        0  oled.o(i.OLED_ShowNum)
    i.OLED_ShowString                        0x080016ec   Section        0  oled.o(i.OLED_ShowString)
    i.OLED_Update                            0x0800171c   Section        0  oled.o(i.OLED_Update)
    i.OLED_W_SCL                             0x08001744   Section        0  oled.o(i.OLED_W_SCL)
    i.OLED_W_SDA                             0x08001758   Section        0  oled.o(i.OLED_W_SDA)
    i.OLED_WriteCommand                      0x0800176c   Section        0  oled.o(i.OLED_WriteCommand)
    i.OLED_WriteData                         0x0800178c   Section        0  oled.o(i.OLED_WriteData)
    i.PendSV_Handler                         0x080017ba   Section        0  stm32f10x_it.o(i.PendSV_Handler)
    i.RCC_ADCCLKConfig                       0x080017bc   Section        0  stm32f10x_rcc.o(i.RCC_ADCCLKConfig)
    i.RCC_APB1PeriphClockCmd                 0x080017d4   Section        0  stm32f10x_rcc.o(i.RCC_APB1PeriphClockCmd)
    i.RCC_APB2PeriphClockCmd                 0x080017f4   Section        0  stm32f10x_rcc.o(i.RCC_APB2PeriphClockCmd)
    i.RCC_APB2PeriphResetCmd                 0x08001814   Section        0  stm32f10x_rcc.o(i.RCC_APB2PeriphResetCmd)
    i.RCC_GetClocksFreq                      0x08001834   Section        0  stm32f10x_rcc.o(i.RCC_GetClocksFreq)
    i.SPI_Cmd                                0x08001908   Section        0  stm32f10x_spi.o(i.SPI_Cmd)
    i.SPI_Init                               0x08001920   Section        0  stm32f10x_spi.o(i.SPI_Init)
    i.SVC_Handler                            0x0800195c   Section        0  stm32f10x_it.o(i.SVC_Handler)
    i.SetSysClock                            0x0800195e   Section        0  system_stm32f10x.o(i.SetSysClock)
    SetSysClock                              0x0800195f   Thumb Code     8  system_stm32f10x.o(i.SetSysClock)
    i.SetSysClockTo72                        0x08001968   Section        0  system_stm32f10x.o(i.SetSysClockTo72)
    SetSysClockTo72                          0x08001969   Thumb Code   214  system_stm32f10x.o(i.SetSysClockTo72)
    i.SysTick_Handler                        0x08001a48   Section        0  stm32f10x_it.o(i.SysTick_Handler)
    i.SystemInit                             0x08001a80   Section        0  system_stm32f10x.o(i.SystemInit)
    i.TIM3_IRQHandler                        0x08001ae0   Section        0  tim3.o(i.TIM3_IRQHandler)
    i.TIM3_Init                              0x08001b18   Section        0  tim3.o(i.TIM3_Init)
    i.TIM_Cmd                                0x08001be8   Section        0  stm32f10x_tim.o(i.TIM_Cmd)
    i.TIM_OC3Init                            0x08001c00   Section        0  stm32f10x_tim.o(i.TIM_OC3Init)
    i.TIM_OC3PreloadConfig                   0x08001ca0   Section        0  stm32f10x_tim.o(i.TIM_OC3PreloadConfig)
    i.TIM_OC4Init                            0x08001cb4   Section        0  stm32f10x_tim.o(i.TIM_OC4Init)
    i.TIM_OC4PreloadConfig                   0x08001d30   Section        0  stm32f10x_tim.o(i.TIM_OC4PreloadConfig)
    i.TIM_SetCompare3                        0x08001d4a   Section        0  stm32f10x_tim.o(i.TIM_SetCompare3)
    i.TIM_SetCompare4                        0x08001d4e   Section        0  stm32f10x_tim.o(i.TIM_SetCompare4)
    i.TIM_TimeBaseInit                       0x08001d54   Section        0  stm32f10x_tim.o(i.TIM_TimeBaseInit)
    i.USART1_IRQHandler                      0x08001df8   Section        0  uasrt.o(i.USART1_IRQHandler)
    i.USART2_GetRxData                       0x08001e60   Section        0  hc05.o(i.USART2_GetRxData)
    i.USART2_GetRxFlag                       0x08001e6c   Section        0  hc05.o(i.USART2_GetRxFlag)
    i.USART2_IRQHandler                      0x08001e88   Section        0  hc05.o(i.USART2_IRQHandler)
    i.USART2_Init                            0x08001edc   Section        0  hc05.o(i.USART2_Init)
    i.USART2_SendByte                        0x08001f80   Section        0  hc05.o(i.USART2_SendByte)
    i.USART_ClearITPendingBit                0x08001fa0   Section        0  stm32f10x_usart.o(i.USART_ClearITPendingBit)
    i.USART_Cmd                              0x08001fbe   Section        0  stm32f10x_usart.o(i.USART_Cmd)
    i.USART_GetFlagStatus                    0x08001fd6   Section        0  stm32f10x_usart.o(i.USART_GetFlagStatus)
    i.USART_GetITStatus                      0x08001ff0   Section        0  stm32f10x_usart.o(i.USART_GetITStatus)
    i.USART_ITConfig                         0x08002044   Section        0  stm32f10x_usart.o(i.USART_ITConfig)
    i.USART_Init                             0x08002090   Section        0  stm32f10x_usart.o(i.USART_Init)
    i.USART_ReceiveData                      0x08002168   Section        0  stm32f10x_usart.o(i.USART_ReceiveData)
    i.USART_SendData                         0x08002172   Section        0  stm32f10x_usart.o(i.USART_SendData)
    i.UsageFault_Handler                     0x0800217a   Section        0  stm32f10x_it.o(i.UsageFault_Handler)
    i.W25Q128_Erase_Sector                   0x08002180   Section        0  w25q128.o(i.W25Q128_Erase_Sector)
    i.W25Q128_Get_SR1                        0x080021c4   Section        0  w25q128.o(i.W25Q128_Get_SR1)
    i.W25Q128_Page_Program                   0x080021f0   Section        0  w25q128.o(i.W25Q128_Page_Program)
    i.W25Q128_Read_A_Byte                    0x0800225c   Section        0  w25q128.o(i.W25Q128_Read_A_Byte)
    i.W25Q128_Read_Bytes                     0x08002290   Section        0  w25q128.o(i.W25Q128_Read_Bytes)
    i.W25Q128_SPI_Init                       0x08002300   Section        0  w25q128.o(i.W25Q128_SPI_Init)
    i.W25Q128_Wait_NoBusy                    0x080023a0   Section        0  w25q128.o(i.W25Q128_Wait_NoBusy)
    i.W25Q128_Write_A_Byte                   0x080023b4   Section        0  w25q128.o(i.W25Q128_Write_A_Byte)
    i.W25Q128_Write_Bytes                    0x080023e4   Section        0  w25q128.o(i.W25Q128_Write_Bytes)
    i.W25Q128_Write_Enable                   0x08002498   Section        0  w25q128.o(i.W25Q128_Write_Enable)
    i.__0printf                              0x080024bc   Section        0  printfa.o(i.__0printf)
    i.__0sprintf                             0x080024dc   Section        0  printfa.o(i.__0sprintf)
    i.__scatterload_copy                     0x08002504   Section       14  handlers.o(i.__scatterload_copy)
    i.__scatterload_null                     0x08002512   Section        2  handlers.o(i.__scatterload_null)
    i.__scatterload_zeroinit                 0x08002514   Section       14  handlers.o(i.__scatterload_zeroinit)
    i._fp_digits                             0x08002524   Section        0  printfa.o(i._fp_digits)
    _fp_digits                               0x08002525   Thumb Code   334  printfa.o(i._fp_digits)
    i._printf_core                           0x08002688   Section        0  printfa.o(i._printf_core)
    _printf_core                             0x08002689   Thumb Code  1744  printfa.o(i._printf_core)
    i._printf_post_padding                   0x08002d64   Section        0  printfa.o(i._printf_post_padding)
    _printf_post_padding                     0x08002d65   Thumb Code    36  printfa.o(i._printf_post_padding)
    i._printf_pre_padding                    0x08002d88   Section        0  printfa.o(i._printf_pre_padding)
    _printf_pre_padding                      0x08002d89   Thumb Code    46  printfa.o(i._printf_pre_padding)
    i._sputc                                 0x08002db6   Section        0  printfa.o(i._sputc)
    _sputc                                   0x08002db7   Thumb Code    10  printfa.o(i._sputc)
    i.adjust                                 0x08002dc0   Section        0  main.o(i.adjust)
    i.closedoor                              0x08002f4c   Section        0  sg90.o(i.closedoor)
    i.closewin                               0x08002f5c   Section        0  sg90.o(i.closewin)
    i.delay_ms                               0x08002f6c   Section        0  delay.o(i.delay_ms)
    i.delay_us                               0x08002ffc   Section        0  delay.o(i.delay_us)
    i.fputc                                  0x08003058   Section        0  uasrt.o(i.fputc)
    i.get_slave_data                         0x0800307c   Section        0  hc05.o(i.get_slave_data)
    i.lanya_receive                          0x080030e0   Section        0  hc05.o(i.lanya_receive)
    i.main                                   0x08003144   Section        0  main.o(i.main)
    i.myServo_Init                           0x08003170   Section        0  sg90.o(i.myServo_Init)
    i.opendoor                               0x08003204   Section        0  sg90.o(i.opendoor)
    i.openwin                                0x08003214   Section        0  sg90.o(i.openwin)
    i.run                                    0x08003224   Section        0  main.o(i.run)
    i.showtable                              0x0800370c   Section        0  main.o(i.showtable)
    .constdata                               0x08003854   Section     3562  oled_data.o(.constdata)
    .constdata                               0x08004640   Section       32  main.o(.constdata)
    .data                                    0x20000000   Section       20  system_stm32f10x.o(.data)
    .data                                    0x20000014   Section       20  stm32f10x_rcc.o(.data)
    APBAHBPrescTable                         0x20000014   Data          16  stm32f10x_rcc.o(.data)
    ADCPrescTable                            0x20000024   Data           4  stm32f10x_rcc.o(.data)
    .data                                    0x20000028   Section        2  uasrt.o(.data)
    .data                                    0x2000002c   Section       25  hc05.o(.data)
    uart_num                                 0x20000044   Data           1  hc05.o(.data)
    .data                                    0x20000046   Section        4  dht11.o(.data)
    .data                                    0x2000004a   Section        1  tim3.o(.data)
    .data                                    0x2000004c   Section       24  main.o(.data)
    .data                                    0x20000064   Section        8  stm32f10x_it.o(.data)
    systick1                                 0x20000068   Data           4  stm32f10x_it.o(.data)
    .data                                    0x2000006c   Section        4  stdout.o(.data)
    .bss                                     0x20000070   Section     1024  oled.o(.bss)
    .bss                                     0x20000470   Section      128  uasrt.o(.bss)
    .bss                                     0x200004f0   Section     4096  w25q128.o(.bss)
    .bss                                     0x200014f0   Section       26  hc05.o(.bss)
    .bss                                     0x2000150a   Section       48  main.o(.bss)
    STACK                                    0x20001540   Section     1024  startup_stm32f10x_md.o(STACK)

    Global Symbols

    Symbol Name                              Value     Ov Type        Size  Object(Section)

    BuildAttributes$$THM_ISAv4$P$D$K$B$S$PE$A:L22UL41UL21$X:L11$S22US41US21$IEEE1$IW$USESV6$~STKCKD$USESV7$~SHL$OTIME$ROPI$IEEEX$EBA8$MICROLIB$REQ8$PRES8$EABIv2 0x00000000   Number         0  anon$$obj.o ABSOLUTE
    __ARM_use_no_argv                        0x00000000   Number         0  main.o ABSOLUTE
    _printf_a                                0x00000000   Number         0  stubs.o ABSOLUTE
    _printf_c                                0x00000000   Number         0  stubs.o ABSOLUTE
    _printf_charcount                        0x00000000   Number         0  stubs.o ABSOLUTE
    _printf_d                                0x00000000   Number         0  stubs.o ABSOLUTE
    _printf_e                                0x00000000   Number         0  stubs.o ABSOLUTE
    _printf_f                                0x00000000   Number         0  stubs.o ABSOLUTE
    _printf_flags                            0x00000000   Number         0  stubs.o ABSOLUTE
    _printf_fp_dec                           0x00000000   Number         0  stubs.o ABSOLUTE
    _printf_fp_hex                           0x00000000   Number         0  stubs.o ABSOLUTE
    _printf_g                                0x00000000   Number         0  stubs.o ABSOLUTE
    _printf_i                                0x00000000   Number         0  stubs.o ABSOLUTE
    _printf_int_dec                          0x00000000   Number         0  stubs.o ABSOLUTE
    _printf_l                                0x00000000   Number         0  stubs.o ABSOLUTE
    _printf_lc                               0x00000000   Number         0  stubs.o ABSOLUTE
    _printf_ll                               0x00000000   Number         0  stubs.o ABSOLUTE
    _printf_lld                              0x00000000   Number         0  stubs.o ABSOLUTE
    _printf_lli                              0x00000000   Number         0  stubs.o ABSOLUTE
    _printf_llo                              0x00000000   Number         0  stubs.o ABSOLUTE
    _printf_llu                              0x00000000   Number         0  stubs.o ABSOLUTE
    _printf_llx                              0x00000000   Number         0  stubs.o ABSOLUTE
    _printf_longlong_dec                     0x00000000   Number         0  stubs.o ABSOLUTE
    _printf_longlong_hex                     0x00000000   Number         0  stubs.o ABSOLUTE
    _printf_longlong_oct                     0x00000000   Number         0  stubs.o ABSOLUTE
    _printf_ls                               0x00000000   Number         0  stubs.o ABSOLUTE
    _printf_mbtowc                           0x00000000   Number         0  stubs.o ABSOLUTE
    _printf_n                                0x00000000   Number         0  stubs.o ABSOLUTE
    _printf_o                                0x00000000   Number         0  stubs.o ABSOLUTE
    _printf_p                                0x00000000   Number         0  stubs.o ABSOLUTE
    _printf_percent                          0x00000000   Number         0  stubs.o ABSOLUTE
    _printf_pre_padding                      0x00000000   Number         0  stubs.o ABSOLUTE
    _printf_return_value                     0x00000000   Number         0  stubs.o ABSOLUTE
    _printf_s                                0x00000000   Number         0  stubs.o ABSOLUTE
    _printf_sizespec                         0x00000000   Number         0  stubs.o ABSOLUTE
    _printf_str                              0x00000000   Number         0  stubs.o ABSOLUTE
    _printf_truncate_signed                  0x00000000   Number         0  stubs.o ABSOLUTE
    _printf_truncate_unsigned                0x00000000   Number         0  stubs.o ABSOLUTE
    _printf_u                                0x00000000   Number         0  stubs.o ABSOLUTE
    _printf_wc                               0x00000000   Number         0  stubs.o ABSOLUTE
    _printf_wctomb                           0x00000000   Number         0  stubs.o ABSOLUTE
    _printf_widthprec                        0x00000000   Number         0  stubs.o ABSOLUTE
    _printf_x                                0x00000000   Number         0  stubs.o ABSOLUTE
    __cpp_initialize__aeabi_                  - Undefined Weak Reference
    __cxa_finalize                            - Undefined Weak Reference
    __decompress                              - Undefined Weak Reference
    _clock_init                               - Undefined Weak Reference
    _microlib_exit                            - Undefined Weak Reference
    __Vectors_Size                           0x000000ec   Number         0  startup_stm32f10x_md.o ABSOLUTE
    __Vectors                                0x08000000   Data           4  startup_stm32f10x_md.o(RESET)
    __Vectors_End                            0x080000ec   Data           0  startup_stm32f10x_md.o(RESET)
    __main                                   0x080000ed   Thumb Code     0  entry.o(.ARM.Collect$$$$00000000)
    _main_stk                                0x080000ed   Thumb Code     0  entry2.o(.ARM.Collect$$$$00000001)
    _main_scatterload                        0x080000f1   Thumb Code     0  entry5.o(.ARM.Collect$$$$00000004)
    __main_after_scatterload                 0x080000f5   Thumb Code     0  entry5.o(.ARM.Collect$$$$00000004)
    _main_clock                              0x080000f5   Thumb Code     0  entry7b.o(.ARM.Collect$$$$00000008)
    _main_cpp_init                           0x080000f5   Thumb Code     0  entry8b.o(.ARM.Collect$$$$0000000A)
    _main_init                               0x080000f5   Thumb Code     0  entry9a.o(.ARM.Collect$$$$0000000B)
    __rt_final_cpp                           0x080000fd   Thumb Code     0  entry10a.o(.ARM.Collect$$$$0000000D)
    __rt_final_exit                          0x080000fd   Thumb Code     0  entry11a.o(.ARM.Collect$$$$0000000F)
    Reset_Handler                            0x08000101   Thumb Code     8  startup_stm32f10x_md.o(.text)
    ADC1_2_IRQHandler                        0x0800011b   Thumb Code     0  startup_stm32f10x_md.o(.text)
    CAN1_RX1_IRQHandler                      0x0800011b   Thumb Code     0  startup_stm32f10x_md.o(.text)
    CAN1_SCE_IRQHandler                      0x0800011b   Thumb Code     0  startup_stm32f10x_md.o(.text)
    DMA1_Channel1_IRQHandler                 0x0800011b   Thumb Code     0  startup_stm32f10x_md.o(.text)
    DMA1_Channel2_IRQHandler                 0x0800011b   Thumb Code     0  startup_stm32f10x_md.o(.text)
    DMA1_Channel3_IRQHandler                 0x0800011b   Thumb Code     0  startup_stm32f10x_md.o(.text)
    DMA1_Channel4_IRQHandler                 0x0800011b   Thumb Code     0  startup_stm32f10x_md.o(.text)
    DMA1_Channel5_IRQHandler                 0x0800011b   Thumb Code     0  startup_stm32f10x_md.o(.text)
    DMA1_Channel6_IRQHandler                 0x0800011b   Thumb Code     0  startup_stm32f10x_md.o(.text)
    DMA1_Channel7_IRQHandler                 0x0800011b   Thumb Code     0  startup_stm32f10x_md.o(.text)
    EXTI0_IRQHandler                         0x0800011b   Thumb Code     0  startup_stm32f10x_md.o(.text)
    EXTI15_10_IRQHandler                     0x0800011b   Thumb Code     0  startup_stm32f10x_md.o(.text)
    EXTI1_IRQHandler                         0x0800011b   Thumb Code     0  startup_stm32f10x_md.o(.text)
    EXTI2_IRQHandler                         0x0800011b   Thumb Code     0  startup_stm32f10x_md.o(.text)
    EXTI3_IRQHandler                         0x0800011b   Thumb Code     0  startup_stm32f10x_md.o(.text)
    EXTI4_IRQHandler                         0x0800011b   Thumb Code     0  startup_stm32f10x_md.o(.text)
    EXTI9_5_IRQHandler                       0x0800011b   Thumb Code     0  startup_stm32f10x_md.o(.text)
    FLASH_IRQHandler                         0x0800011b   Thumb Code     0  startup_stm32f10x_md.o(.text)
    I2C1_ER_IRQHandler                       0x0800011b   Thumb Code     0  startup_stm32f10x_md.o(.text)
    I2C1_EV_IRQHandler                       0x0800011b   Thumb Code     0  startup_stm32f10x_md.o(.text)
    I2C2_ER_IRQHandler                       0x0800011b   Thumb Code     0  startup_stm32f10x_md.o(.text)
    I2C2_EV_IRQHandler                       0x0800011b   Thumb Code     0  startup_stm32f10x_md.o(.text)
    PVD_IRQHandler                           0x0800011b   Thumb Code     0  startup_stm32f10x_md.o(.text)
    RCC_IRQHandler                           0x0800011b   Thumb Code     0  startup_stm32f10x_md.o(.text)
    RTCAlarm_IRQHandler                      0x0800011b   Thumb Code     0  startup_stm32f10x_md.o(.text)
    RTC_IRQHandler                           0x0800011b   Thumb Code     0  startup_stm32f10x_md.o(.text)
    SPI1_IRQHandler                          0x0800011b   Thumb Code     0  startup_stm32f10x_md.o(.text)
    SPI2_IRQHandler                          0x0800011b   Thumb Code     0  startup_stm32f10x_md.o(.text)
    TAMPER_IRQHandler                        0x0800011b   Thumb Code     0  startup_stm32f10x_md.o(.text)
    TIM1_BRK_IRQHandler                      0x0800011b   Thumb Code     0  startup_stm32f10x_md.o(.text)
    TIM1_CC_IRQHandler                       0x0800011b   Thumb Code     0  startup_stm32f10x_md.o(.text)
    TIM1_TRG_COM_IRQHandler                  0x0800011b   Thumb Code     0  startup_stm32f10x_md.o(.text)
    TIM1_UP_IRQHandler                       0x0800011b   Thumb Code     0  startup_stm32f10x_md.o(.text)
    TIM2_IRQHandler                          0x0800011b   Thumb Code     0  startup_stm32f10x_md.o(.text)
    TIM4_IRQHandler                          0x0800011b   Thumb Code     0  startup_stm32f10x_md.o(.text)
    USART3_IRQHandler                        0x0800011b   Thumb Code     0  startup_stm32f10x_md.o(.text)
    USBWakeUp_IRQHandler                     0x0800011b   Thumb Code     0  startup_stm32f10x_md.o(.text)
    USB_HP_CAN1_TX_IRQHandler                0x0800011b   Thumb Code     0  startup_stm32f10x_md.o(.text)
    USB_LP_CAN1_RX0_IRQHandler               0x0800011b   Thumb Code     0  startup_stm32f10x_md.o(.text)
    WWDG_IRQHandler                          0x0800011b   Thumb Code     0  startup_stm32f10x_md.o(.text)
    __aeabi_memset                           0x08000125   Thumb Code    14  memseta.o(.text)
    __aeabi_memset4                          0x08000125   Thumb Code     0  memseta.o(.text)
    __aeabi_memset8                          0x08000125   Thumb Code     0  memseta.o(.text)
    __aeabi_memclr                           0x08000133   Thumb Code     4  memseta.o(.text)
    __aeabi_memclr4                          0x08000133   Thumb Code     0  memseta.o(.text)
    __aeabi_memclr8                          0x08000133   Thumb Code     0  memseta.o(.text)
    _memset$wrapper                          0x08000137   Thumb Code    18  memseta.o(.text)
    strcmp                                   0x08000149   Thumb Code    28  strcmp.o(.text)
    __aeabi_dadd                             0x08000165   Thumb Code   322  dadd.o(.text)
    __aeabi_dsub                             0x080002a7   Thumb Code     6  dadd.o(.text)
    __aeabi_drsub                            0x080002ad   Thumb Code     6  dadd.o(.text)
    __aeabi_dmul                             0x080002b3   Thumb Code   228  dmul.o(.text)
    __aeabi_ddiv                             0x08000397   Thumb Code   222  ddiv.o(.text)
    __aeabi_i2f                              0x08000475   Thumb Code    18  fflti.o(.text)
    __aeabi_ui2d                             0x08000487   Thumb Code    26  dfltui.o(.text)
    __aeabi_f2d                              0x080004a1   Thumb Code    38  f2d.o(.text)
    __aeabi_cdrcmple                         0x080004c9   Thumb Code    48  cdrcmple.o(.text)
    __aeabi_d2f                              0x080004f9   Thumb Code    56  d2f.o(.text)
    __aeabi_cfcmpeq                          0x08000531   Thumb Code     0  cfcmple.o(.text)
    __aeabi_cfcmple                          0x08000531   Thumb Code    20  cfcmple.o(.text)
    __aeabi_uidiv                            0x08000545   Thumb Code     0  uidiv.o(.text)
    __aeabi_uidivmod                         0x08000545   Thumb Code    44  uidiv.o(.text)
    __aeabi_uldivmod                         0x08000571   Thumb Code    98  uldiv.o(.text)
    __aeabi_llsl                             0x080005d3   Thumb Code    30  llshl.o(.text)
    _ll_shift_l                              0x080005d3   Thumb Code     0  llshl.o(.text)
    __aeabi_llsr                             0x080005f1   Thumb Code    32  llushr.o(.text)
    _ll_ushift_r                             0x080005f1   Thumb Code     0  llushr.o(.text)
    __aeabi_lasr                             0x08000611   Thumb Code    36  llsshr.o(.text)
    _ll_sshift_r                             0x08000611   Thumb Code     0  llsshr.o(.text)
    __I$use$fp                               0x08000635   Thumb Code     0  iusefp.o(.text)
    _float_round                             0x08000635   Thumb Code    18  fepilogue.o(.text)
    _float_epilogue                          0x08000647   Thumb Code    92  fepilogue.o(.text)
    _double_round                            0x080006a3   Thumb Code    30  depilogue.o(.text)
    _double_epilogue                         0x080006c1   Thumb Code   156  depilogue.o(.text)
    __aeabi_d2ulz                            0x0800075d   Thumb Code    48  dfixul.o(.text)
    __scatterload                            0x0800078d   Thumb Code    28  init.o(.text)
    __scatterload_rt2                        0x0800078d   Thumb Code     0  init.o(.text)
    ADC_Cmd                                  0x080007b1   Thumb Code    22  stm32f10x_adc.o(i.ADC_Cmd)
    ADC_DeInit                               0x080007c9   Thumb Code    78  stm32f10x_adc.o(i.ADC_DeInit)
    ADC_GetCalibrationStatus                 0x08000825   Thumb Code    20  stm32f10x_adc.o(i.ADC_GetCalibrationStatus)
    ADC_GetConversionValue                   0x08000839   Thumb Code     8  stm32f10x_adc.o(i.ADC_GetConversionValue)
    ADC_GetFlagStatus                        0x08000841   Thumb Code    18  stm32f10x_adc.o(i.ADC_GetFlagStatus)
    ADC_GetResetCalibrationStatus            0x08000853   Thumb Code    20  stm32f10x_adc.o(i.ADC_GetResetCalibrationStatus)
    ADC_Init                                 0x08000869   Thumb Code    70  stm32f10x_adc.o(i.ADC_Init)
    ADC_RegularChannelConfig                 0x080008b9   Thumb Code   184  stm32f10x_adc.o(i.ADC_RegularChannelConfig)
    ADC_ResetCalibration                     0x08000971   Thumb Code    10  stm32f10x_adc.o(i.ADC_ResetCalibration)
    ADC_SoftwareStartConvCmd                 0x0800097b   Thumb Code    22  stm32f10x_adc.o(i.ADC_SoftwareStartConvCmd)
    ADC_StartCalibration                     0x08000991   Thumb Code    10  stm32f10x_adc.o(i.ADC_StartCalibration)
    Adc_Init                                 0x0800099d   Thumb Code   134  adc.o(i.Adc_Init)
    Beep_Init                                0x08000a2d   Thumb Code    48  beep.o(i.Beep_Init)
    BusFault_Handler                         0x08000a61   Thumb Code     4  stm32f10x_it.o(i.BusFault_Handler)
    DHT11_Init                               0x08000abd   Thumb Code    38  dht11.o(i.DHT11_Init)
    DHT11_Read_Data                          0x08000b63   Thumb Code    90  dht11.o(i.DHT11_Read_Data)
    DebugMon_Handler                         0x08000bed   Thumb Code     2  stm32f10x_it.o(i.DebugMon_Handler)
    GPIO_Init                                0x08000bef   Thumb Code   278  stm32f10x_gpio.o(i.GPIO_Init)
    GPIO_PinRemapConfig                      0x08000d05   Thumb Code   138  stm32f10x_gpio.o(i.GPIO_PinRemapConfig)
    GPIO_ReadInputDataBit                    0x08000d95   Thumb Code    18  stm32f10x_gpio.o(i.GPIO_ReadInputDataBit)
    GPIO_ResetBits                           0x08000da7   Thumb Code     4  stm32f10x_gpio.o(i.GPIO_ResetBits)
    GPIO_SetBits                             0x08000ddd   Thumb Code     4  stm32f10x_gpio.o(i.GPIO_SetBits)
    GPIO_WriteBit                            0x08000de1   Thumb Code    10  stm32f10x_gpio.o(i.GPIO_WriteBit)
    Get_Adc                                  0x08000ded   Thumb Code    46  adc.o(i.Get_Adc)
    Get_Adc_Average                          0x08000e21   Thumb Code    48  adc.o(i.Get_Adc_Average)
    HardFault_Handler                        0x08000e51   Thumb Code     4  stm32f10x_it.o(i.HardFault_Handler)
    Init                                     0x08000e55   Thumb Code    76  main.o(i.Init)
    Init_Led                                 0x08000ec5   Thumb Code    76  led.o(i.Init_Led)
    Init_UART1                               0x08000f19   Thumb Code   176  uasrt.o(i.Init_UART1)
    Key_Init                                 0x08000fd1   Thumb Code    32  key.o(i.Key_Init)
    Key_Status                               0x08000ff5   Thumb Code    64  key.o(i.Key_Status)
    Led_Ctl                                  0x08001039   Thumb Code    80  led.o(i.Led_Ctl)
    MemManage_Handler                        0x08001091   Thumb Code     4  stm32f10x_it.o(i.MemManage_Handler)
    NMI_Handler                              0x08001095   Thumb Code     2  stm32f10x_it.o(i.NMI_Handler)
    NVIC_Init                                0x08001099   Thumb Code   100  misc.o(i.NVIC_Init)
    NVIC_PriorityGroupConfig                 0x08001109   Thumb Code    10  misc.o(i.NVIC_PriorityGroupConfig)
    OLED_Clear                               0x08001145   Thumb Code    36  oled.o(i.OLED_Clear)
    OLED_ClearArea                           0x0800116d   Thumb Code   162  oled.o(i.OLED_ClearArea)
    OLED_DrawPoint                           0x08001215   Thumb Code    74  oled.o(i.OLED_DrawPoint)
    OLED_DrawRectangle                       0x08001265   Thumb Code   142  oled.o(i.OLED_DrawRectangle)
    OLED_GPIO_Init                           0x080012f5   Thumb Code    88  oled.o(i.OLED_GPIO_Init)
    OLED_I2C_SendByte                        0x08001351   Thumb Code    62  oled.o(i.OLED_I2C_SendByte)
    OLED_I2C_Start                           0x0800138f   Thumb Code    28  oled.o(i.OLED_I2C_Start)
    OLED_I2C_Stop                            0x080013ab   Thumb Code    22  oled.o(i.OLED_I2C_Stop)
    OLED_Init                                0x080013c1   Thumb Code   146  oled.o(i.OLED_Init)
    OLED_Pow                                 0x08001453   Thumb Code    20  oled.o(i.OLED_Pow)
    OLED_SetCursor                           0x08001467   Thumb Code    34  oled.o(i.OLED_SetCursor)
    OLED_ShowChar                            0x08001489   Thumb Code    74  oled.o(i.OLED_ShowChar)
    OLED_ShowChinese                         0x080014dd   Thumb Code   144  oled.o(i.OLED_ShowChinese)
    OLED_ShowImage                           0x08001575   Thumb Code   296  oled.o(i.OLED_ShowImage)
    OLED_ShowNum                             0x080016a1   Thumb Code    76  oled.o(i.OLED_ShowNum)
    OLED_ShowString                          0x080016ed   Thumb Code    46  oled.o(i.OLED_ShowString)
    OLED_Update                              0x0800171d   Thumb Code    36  oled.o(i.OLED_Update)
    OLED_W_SCL                               0x08001745   Thumb Code    16  oled.o(i.OLED_W_SCL)
    OLED_W_SDA                               0x08001759   Thumb Code    16  oled.o(i.OLED_W_SDA)
    OLED_WriteCommand                        0x0800176d   Thumb Code    32  oled.o(i.OLED_WriteCommand)
    OLED_WriteData                           0x0800178d   Thumb Code    46  oled.o(i.OLED_WriteData)
    PendSV_Handler                           0x080017bb   Thumb Code     2  stm32f10x_it.o(i.PendSV_Handler)
    RCC_ADCCLKConfig                         0x080017bd   Thumb Code    18  stm32f10x_rcc.o(i.RCC_ADCCLKConfig)
    RCC_APB1PeriphClockCmd                   0x080017d5   Thumb Code    26  stm32f10x_rcc.o(i.RCC_APB1PeriphClockCmd)
    RCC_APB2PeriphClockCmd                   0x080017f5   Thumb Code    26  stm32f10x_rcc.o(i.RCC_APB2PeriphClockCmd)
    RCC_APB2PeriphResetCmd                   0x08001815   Thumb Code    26  stm32f10x_rcc.o(i.RCC_APB2PeriphResetCmd)
    RCC_GetClocksFreq                        0x08001835   Thumb Code   192  stm32f10x_rcc.o(i.RCC_GetClocksFreq)
    SPI_Cmd                                  0x08001909   Thumb Code    24  stm32f10x_spi.o(i.SPI_Cmd)
    SPI_Init                                 0x08001921   Thumb Code    60  stm32f10x_spi.o(i.SPI_Init)
    SVC_Handler                              0x0800195d   Thumb Code     2  stm32f10x_it.o(i.SVC_Handler)
    SysTick_Handler                          0x08001a49   Thumb Code    42  stm32f10x_it.o(i.SysTick_Handler)
    SystemInit                               0x08001a81   Thumb Code    78  system_stm32f10x.o(i.SystemInit)
    TIM3_IRQHandler                          0x08001ae1   Thumb Code    46  tim3.o(i.TIM3_IRQHandler)
    TIM3_Init                                0x08001b19   Thumb Code   182  tim3.o(i.TIM3_Init)
    TIM_Cmd                                  0x08001be9   Thumb Code    24  stm32f10x_tim.o(i.TIM_Cmd)
    TIM_OC3Init                              0x08001c01   Thumb Code   150  stm32f10x_tim.o(i.TIM_OC3Init)
    TIM_OC3PreloadConfig                     0x08001ca1   Thumb Code    18  stm32f10x_tim.o(i.TIM_OC3PreloadConfig)
    TIM_OC4Init                              0x08001cb5   Thumb Code   114  stm32f10x_tim.o(i.TIM_OC4Init)
    TIM_OC4PreloadConfig                     0x08001d31   Thumb Code    26  stm32f10x_tim.o(i.TIM_OC4PreloadConfig)
    TIM_SetCompare3                          0x08001d4b   Thumb Code     4  stm32f10x_tim.o(i.TIM_SetCompare3)
    TIM_SetCompare4                          0x08001d4f   Thumb Code     6  stm32f10x_tim.o(i.TIM_SetCompare4)
    TIM_TimeBaseInit                         0x08001d55   Thumb Code   122  stm32f10x_tim.o(i.TIM_TimeBaseInit)
    USART1_IRQHandler                        0x08001df9   Thumb Code    88  uasrt.o(i.USART1_IRQHandler)
    USART2_GetRxData                         0x08001e61   Thumb Code     6  hc05.o(i.USART2_GetRxData)
    USART2_GetRxFlag                         0x08001e6d   Thumb Code    22  hc05.o(i.USART2_GetRxFlag)
    USART2_IRQHandler                        0x08001e89   Thumb Code    68  hc05.o(i.USART2_IRQHandler)
    USART2_Init                              0x08001edd   Thumb Code   156  hc05.o(i.USART2_Init)
    USART2_SendByte                          0x08001f81   Thumb Code    28  hc05.o(i.USART2_SendByte)
    USART_ClearITPendingBit                  0x08001fa1   Thumb Code    30  stm32f10x_usart.o(i.USART_ClearITPendingBit)
    USART_Cmd                                0x08001fbf   Thumb Code    24  stm32f10x_usart.o(i.USART_Cmd)
    USART_GetFlagStatus                      0x08001fd7   Thumb Code    26  stm32f10x_usart.o(i.USART_GetFlagStatus)
    USART_GetITStatus                        0x08001ff1   Thumb Code    84  stm32f10x_usart.o(i.USART_GetITStatus)
    USART_ITConfig                           0x08002045   Thumb Code    74  stm32f10x_usart.o(i.USART_ITConfig)
    USART_Init                               0x08002091   Thumb Code   210  stm32f10x_usart.o(i.USART_Init)
    USART_ReceiveData                        0x08002169   Thumb Code    10  stm32f10x_usart.o(i.USART_ReceiveData)
    USART_SendData                           0x08002173   Thumb Code     8  stm32f10x_usart.o(i.USART_SendData)
    UsageFault_Handler                       0x0800217b   Thumb Code     4  stm32f10x_it.o(i.UsageFault_Handler)
    W25Q128_Erase_Sector                     0x08002181   Thumb Code    62  w25q128.o(i.W25Q128_Erase_Sector)
    W25Q128_Get_SR1                          0x080021c5   Thumb Code    38  w25q128.o(i.W25Q128_Get_SR1)
    W25Q128_Page_Program                     0x080021f1   Thumb Code   104  w25q128.o(i.W25Q128_Page_Program)
    W25Q128_Read_A_Byte                      0x0800225d   Thumb Code    46  w25q128.o(i.W25Q128_Read_A_Byte)
    W25Q128_Read_Bytes                       0x08002291   Thumb Code   106  w25q128.o(i.W25Q128_Read_Bytes)
    W25Q128_SPI_Init                         0x08002301   Thumb Code   152  w25q128.o(i.W25Q128_SPI_Init)
    W25Q128_Wait_NoBusy                      0x080023a1   Thumb Code    18  w25q128.o(i.W25Q128_Wait_NoBusy)
    W25Q128_Write_A_Byte                     0x080023b5   Thumb Code    42  w25q128.o(i.W25Q128_Write_A_Byte)
    W25Q128_Write_Bytes                      0x080023e5   Thumb Code   174  w25q128.o(i.W25Q128_Write_Bytes)
    W25Q128_Write_Enable                     0x08002499   Thumb Code    30  w25q128.o(i.W25Q128_Write_Enable)
    __0printf                                0x080024bd   Thumb Code    22  printfa.o(i.__0printf)
    __1printf                                0x080024bd   Thumb Code     0  printfa.o(i.__0printf)
    __2printf                                0x080024bd   Thumb Code     0  printfa.o(i.__0printf)
    __c89printf                              0x080024bd   Thumb Code     0  printfa.o(i.__0printf)
    printf                                   0x080024bd   Thumb Code     0  printfa.o(i.__0printf)
    __0sprintf                               0x080024dd   Thumb Code    34  printfa.o(i.__0sprintf)
    __1sprintf                               0x080024dd   Thumb Code     0  printfa.o(i.__0sprintf)
    __2sprintf                               0x080024dd   Thumb Code     0  printfa.o(i.__0sprintf)
    __c89sprintf                             0x080024dd   Thumb Code     0  printfa.o(i.__0sprintf)
    sprintf                                  0x080024dd   Thumb Code     0  printfa.o(i.__0sprintf)
    __scatterload_copy                       0x08002505   Thumb Code    14  handlers.o(i.__scatterload_copy)
    __scatterload_null                       0x08002513   Thumb Code     2  handlers.o(i.__scatterload_null)
    __scatterload_zeroinit                   0x08002515   Thumb Code    14  handlers.o(i.__scatterload_zeroinit)
    adjust                                   0x08002dc1   Thumb Code   370  main.o(i.adjust)
    closedoor                                0x08002f4d   Thumb Code    12  sg90.o(i.closedoor)
    closewin                                 0x08002f5d   Thumb Code    12  sg90.o(i.closewin)
    delay_ms                                 0x08002f6d   Thumb Code   138  delay.o(i.delay_ms)
    delay_us                                 0x08002ffd   Thumb Code    82  delay.o(i.delay_us)
    fputc                                    0x08003059   Thumb Code    32  uasrt.o(i.fputc)
    get_slave_data                           0x0800307d   Thumb Code    86  hc05.o(i.get_slave_data)
    lanya_receive                            0x080030e1   Thumb Code    74  hc05.o(i.lanya_receive)
    main                                     0x08003145   Thumb Code    40  main.o(i.main)
    myServo_Init                             0x08003171   Thumb Code   140  sg90.o(i.myServo_Init)
    opendoor                                 0x08003205   Thumb Code    12  sg90.o(i.opendoor)
    openwin                                  0x08003215   Thumb Code    12  sg90.o(i.openwin)
    run                                      0x08003225   Thumb Code   956  main.o(i.run)
    showtable                                0x0800370d   Thumb Code   274  main.o(i.showtable)
    OLED_F8x16                               0x08003854   Data        1520  oled_data.o(.constdata)
    OLED_F6x8                                0x08003e44   Data         570  oled_data.o(.constdata)
    OLED_CF16x16                             0x0800407e   Data        1440  oled_data.o(.constdata)
    Diode                                    0x0800461e   Data          32  oled_data.o(.constdata)
    Region$$Table$$Base                      0x08004660   Number         0  anon$$obj.o(Region$$Table)
    Region$$Table$$Limit                     0x08004680   Number         0  anon$$obj.o(Region$$Table)
    SystemCoreClock                          0x20000000   Data           4  system_stm32f10x.o(.data)
    AHBPrescTable                            0x20000004   Data          16  system_stm32f10x.o(.data)
    buffer_index                             0x20000028   Data           1  uasrt.o(.data)
    data_received_flag                       0x20000029   Data           1  uasrt.o(.data)
    uart_flag                                0x2000002c   Data           1  hc05.o(.data)
    Serial_RxData                            0x2000002d   Data           1  hc05.o(.data)
    Serial_RxFlag                            0x2000002e   Data           1  hc05.o(.data)
    key1                                     0x20000030   Data           4  hc05.o(.data)
    key2                                     0x20000034   Data           4  hc05.o(.data)
    key3                                     0x20000038   Data           4  hc05.o(.data)
    key4                                     0x2000003c   Data           4  hc05.o(.data)
    key5                                     0x20000040   Data           4  hc05.o(.data)
    GPIO_InitStructure                       0x20000046   Data           4  dht11.o(.data)
    timeout_flag                             0x2000004a   Data           1  tim3.o(.data)
    test_addr                                0x2000004c   Data           4  main.o(.data)
    test_write_data                          0x20000050   Data          16  main.o(.data)
    sys_tick_counter                         0x20000060   Data           4  main.o(.data)
    nTime                                    0x20000064   Data           2  stm32f10x_it.o(.data)
    __stdout                                 0x2000006c   Data           4  stdout.o(.data)
    OLED_DisplayBuf                          0x20000070   Data        1024  oled.o(.bss)
    usart1_buffer                            0x20000470   Data         128  uasrt.o(.bss)
    buffer                                   0x200004f0   Data        4096  w25q128.o(.bss)
    USART_TX_BUF                             0x200014f0   Data          14  hc05.o(.bss)
    RX_lanya                                 0x200014fe   Data          12  hc05.o(.bss)
    read_data                                0x2000150a   Data          16  main.o(.bss)
    write_data                               0x2000151a   Data          16  main.o(.bss)
    test_read_data                           0x2000152a   Data          16  main.o(.bss)
    __initial_sp                             0x20001940   Data           0  startup_stm32f10x_md.o(STACK)



==============================================================================

Memory Map of the image

  Image Entry point : 0x080000ed

  Load Region LR_IROM1 (Base: 0x08000000, Size: 0x000046f0, Max: 0x00010000, ABSOLUTE)

    Execution Region ER_IROM1 (Base: 0x08000000, Size: 0x00004680, Max: 0x00010000, ABSOLUTE)

    Base Addr    Size         Type   Attr      Idx    E Section Name        Object

    0x08000000   0x000000ec   Data   RO           19    RESET               startup_stm32f10x_md.o
    0x080000ec   0x00000000   Code   RO         4073  * .ARM.Collect$$$$00000000  mc_w.l(entry.o)
    0x080000ec   0x00000004   Code   RO         4394    .ARM.Collect$$$$00000001  mc_w.l(entry2.o)
    0x080000f0   0x00000004   Code   RO         4397    .ARM.Collect$$$$00000004  mc_w.l(entry5.o)
    0x080000f4   0x00000000   Code   RO         4399    .ARM.Collect$$$$00000008  mc_w.l(entry7b.o)
    0x080000f4   0x00000000   Code   RO         4401    .ARM.Collect$$$$0000000A  mc_w.l(entry8b.o)
    0x080000f4   0x00000008   Code   RO         4402    .ARM.Collect$$$$0000000B  mc_w.l(entry9a.o)
    0x080000fc   0x00000000   Code   RO         4404    .ARM.Collect$$$$0000000D  mc_w.l(entry10a.o)
    0x080000fc   0x00000000   Code   RO         4406    .ARM.Collect$$$$0000000F  mc_w.l(entry11a.o)
    0x080000fc   0x00000004   Code   RO         4395    .ARM.Collect$$$$00002712  mc_w.l(entry2.o)
    0x08000100   0x00000024   Code   RO           20    .text               startup_stm32f10x_md.o
    0x08000124   0x00000024   Code   RO         4076    .text               mc_w.l(memseta.o)
    0x08000148   0x0000001c   Code   RO         4078    .text               mc_w.l(strcmp.o)
    0x08000164   0x0000014e   Code   RO         4343    .text               mf_w.l(dadd.o)
    0x080002b2   0x000000e4   Code   RO         4345    .text               mf_w.l(dmul.o)
    0x08000396   0x000000de   Code   RO         4347    .text               mf_w.l(ddiv.o)
    0x08000474   0x00000012   Code   RO         4349    .text               mf_w.l(fflti.o)
    0x08000486   0x0000001a   Code   RO         4353    .text               mf_w.l(dfltui.o)
    0x080004a0   0x00000026   Code   RO         4359    .text               mf_w.l(f2d.o)
    0x080004c6   0x00000002   PAD
    0x080004c8   0x00000030   Code   RO         4363    .text               mf_w.l(cdrcmple.o)
    0x080004f8   0x00000038   Code   RO         4365    .text               mf_w.l(d2f.o)
    0x08000530   0x00000014   Code   RO         4367    .text               mf_w.l(cfcmple.o)
    0x08000544   0x0000002c   Code   RO         4409    .text               mc_w.l(uidiv.o)
    0x08000570   0x00000062   Code   RO         4411    .text               mc_w.l(uldiv.o)
    0x080005d2   0x0000001e   Code   RO         4413    .text               mc_w.l(llshl.o)
    0x080005f0   0x00000020   Code   RO         4415    .text               mc_w.l(llushr.o)
    0x08000610   0x00000024   Code   RO         4417    .text               mc_w.l(llsshr.o)
    0x08000634   0x00000000   Code   RO         4426    .text               mc_w.l(iusefp.o)
    0x08000634   0x0000006e   Code   RO         4427    .text               mf_w.l(fepilogue.o)
    0x080006a2   0x000000ba   Code   RO         4429    .text               mf_w.l(depilogue.o)
    0x0800075c   0x00000030   Code   RO         4431    .text               mf_w.l(dfixul.o)
    0x0800078c   0x00000024   Code   RO         4437    .text               mc_w.l(init.o)
    0x080007b0   0x00000016   Code   RO          183    i.ADC_Cmd           stm32f10x_adc.o
    0x080007c6   0x00000002   PAD
    0x080007c8   0x0000005c   Code   RO          185    i.ADC_DeInit        stm32f10x_adc.o
    0x08000824   0x00000014   Code   RO          191    i.ADC_GetCalibrationStatus  stm32f10x_adc.o
    0x08000838   0x00000008   Code   RO          192    i.ADC_GetConversionValue  stm32f10x_adc.o
    0x08000840   0x00000012   Code   RO          194    i.ADC_GetFlagStatus  stm32f10x_adc.o
    0x08000852   0x00000014   Code   RO          197    i.ADC_GetResetCalibrationStatus  stm32f10x_adc.o
    0x08000866   0x00000002   PAD
    0x08000868   0x00000050   Code   RO          201    i.ADC_Init          stm32f10x_adc.o
    0x080008b8   0x000000b8   Code   RO          205    i.ADC_RegularChannelConfig  stm32f10x_adc.o
    0x08000970   0x0000000a   Code   RO          206    i.ADC_ResetCalibration  stm32f10x_adc.o
    0x0800097a   0x00000016   Code   RO          208    i.ADC_SoftwareStartConvCmd  stm32f10x_adc.o
    0x08000990   0x0000000a   Code   RO          210    i.ADC_StartCalibration  stm32f10x_adc.o
    0x0800099a   0x00000002   PAD
    0x0800099c   0x00000090   Code   RO         3593    i.Adc_Init          adc.o
    0x08000a2c   0x00000034   Code   RO         3459    i.Beep_Init         beep.o
    0x08000a60   0x00000004   Code   RO         3995    i.BusFault_Handler  stm32f10x_it.o
    0x08000a64   0x00000058   Code   RO         3749    i.DHT11_Check       dht11.o
    0x08000abc   0x00000030   Code   RO         3750    i.DHT11_Init        dht11.o
    0x08000aec   0x00000058   Code   RO         3751    i.DHT11_Read_Bit    dht11.o
    0x08000b44   0x0000001e   Code   RO         3752    i.DHT11_Read_Byte   dht11.o
    0x08000b62   0x0000005a   Code   RO         3753    i.DHT11_Read_Data   dht11.o
    0x08000bbc   0x00000030   Code   RO         3754    i.DHT11_Rst         dht11.o
    0x08000bec   0x00000002   Code   RO         3996    i.DebugMon_Handler  stm32f10x_it.o
    0x08000bee   0x00000116   Code   RO         1262    i.GPIO_Init         stm32f10x_gpio.o
    0x08000d04   0x00000090   Code   RO         1264    i.GPIO_PinRemapConfig  stm32f10x_gpio.o
    0x08000d94   0x00000012   Code   RO         1266    i.GPIO_ReadInputDataBit  stm32f10x_gpio.o
    0x08000da6   0x00000004   Code   RO         1269    i.GPIO_ResetBits    stm32f10x_gpio.o
    0x08000daa   0x00000002   PAD
    0x08000dac   0x00000018   Code   RO         3755    i.GPIO_SETIN        dht11.o
    0x08000dc4   0x00000018   Code   RO         3756    i.GPIO_SETOUT       dht11.o
    0x08000ddc   0x00000004   Code   RO         1270    i.GPIO_SetBits      stm32f10x_gpio.o
    0x08000de0   0x0000000a   Code   RO         1273    i.GPIO_WriteBit     stm32f10x_gpio.o
    0x08000dea   0x00000002   PAD
    0x08000dec   0x00000034   Code   RO         3594    i.Get_Adc           adc.o
    0x08000e20   0x00000030   Code   RO         3595    i.Get_Adc_Average   adc.o
    0x08000e50   0x00000004   Code   RO         3997    i.HardFault_Handler  stm32f10x_it.o
    0x08000e54   0x00000070   Code   RO         3831    i.Init              main.o
    0x08000ec4   0x00000054   Code   RO         3072    i.Init_Led          led.o
    0x08000f18   0x000000b8   Code   RO         3480    i.Init_UART1        uasrt.o
    0x08000fd0   0x00000024   Code   RO         3438    i.Key_Init          key.o
    0x08000ff4   0x00000044   Code   RO         3439    i.Key_Status        key.o
    0x08001038   0x00000058   Code   RO         3073    i.Led_Ctl           led.o
    0x08001090   0x00000004   Code   RO         3998    i.MemManage_Handler  stm32f10x_it.o
    0x08001094   0x00000002   Code   RO         3999    i.NMI_Handler       stm32f10x_it.o
    0x08001096   0x00000002   PAD
    0x08001098   0x00000070   Code   RO          137    i.NVIC_Init         misc.o
    0x08001108   0x00000014   Code   RO          138    i.NVIC_PriorityGroupConfig  misc.o
    0x0800111c   0x00000028   Code   RO         3832    i.NVIC_SetPriority  main.o
    0x08001144   0x00000028   Code   RO         3093    i.OLED_Clear        oled.o
    0x0800116c   0x000000a8   Code   RO         3094    i.OLED_ClearArea    oled.o
    0x08001214   0x00000050   Code   RO         3099    i.OLED_DrawPoint    oled.o
    0x08001264   0x0000008e   Code   RO         3100    i.OLED_DrawRectangle  oled.o
    0x080012f2   0x00000002   PAD
    0x080012f4   0x0000005c   Code   RO         3102    i.OLED_GPIO_Init    oled.o
    0x08001350   0x0000003e   Code   RO         3104    i.OLED_I2C_SendByte  oled.o
    0x0800138e   0x0000001c   Code   RO         3105    i.OLED_I2C_Start    oled.o
    0x080013aa   0x00000016   Code   RO         3106    i.OLED_I2C_Stop     oled.o
    0x080013c0   0x00000092   Code   RO         3107    i.OLED_Init         oled.o
    0x08001452   0x00000014   Code   RO         3109    i.OLED_Pow          oled.o
    0x08001466   0x00000022   Code   RO         3113    i.OLED_SetCursor    oled.o
    0x08001488   0x00000054   Code   RO         3115    i.OLED_ShowChar     oled.o
    0x080014dc   0x00000098   Code   RO         3116    i.OLED_ShowChinese  oled.o
    0x08001574   0x0000012c   Code   RO         3119    i.OLED_ShowImage    oled.o
    0x080016a0   0x0000004c   Code   RO         3120    i.OLED_ShowNum      oled.o
    0x080016ec   0x0000002e   Code   RO         3122    i.OLED_ShowString   oled.o
    0x0800171a   0x00000002   PAD
    0x0800171c   0x00000028   Code   RO         3123    i.OLED_Update       oled.o
    0x08001744   0x00000014   Code   RO         3125    i.OLED_W_SCL        oled.o
    0x08001758   0x00000014   Code   RO         3126    i.OLED_W_SDA        oled.o
    0x0800176c   0x00000020   Code   RO         3127    i.OLED_WriteCommand  oled.o
    0x0800178c   0x0000002e   Code   RO         3128    i.OLED_WriteData    oled.o
    0x080017ba   0x00000002   Code   RO         4000    i.PendSV_Handler    stm32f10x_it.o
    0x080017bc   0x00000018   Code   RO         1670    i.RCC_ADCCLKConfig  stm32f10x_rcc.o
    0x080017d4   0x00000020   Code   RO         1672    i.RCC_APB1PeriphClockCmd  stm32f10x_rcc.o
    0x080017f4   0x00000020   Code   RO         1674    i.RCC_APB2PeriphClockCmd  stm32f10x_rcc.o
    0x08001814   0x00000020   Code   RO         1675    i.RCC_APB2PeriphResetCmd  stm32f10x_rcc.o
    0x08001834   0x000000d4   Code   RO         1682    i.RCC_GetClocksFreq  stm32f10x_rcc.o
    0x08001908   0x00000018   Code   RO         2151    i.SPI_Cmd           stm32f10x_spi.o
    0x08001920   0x0000003c   Code   RO         2164    i.SPI_Init          stm32f10x_spi.o
    0x0800195c   0x00000002   Code   RO         4001    i.SVC_Handler       stm32f10x_it.o
    0x0800195e   0x00000008   Code   RO           24    i.SetSysClock       system_stm32f10x.o
    0x08001966   0x00000002   PAD
    0x08001968   0x000000e0   Code   RO           25    i.SetSysClockTo72   system_stm32f10x.o
    0x08001a48   0x00000038   Code   RO         4002    i.SysTick_Handler   stm32f10x_it.o
    0x08001a80   0x00000060   Code   RO           27    i.SystemInit        system_stm32f10x.o
    0x08001ae0   0x00000038   Code   RO         3803    i.TIM3_IRQHandler   tim3.o
    0x08001b18   0x000000d0   Code   RO         3804    i.TIM3_Init         tim3.o
    0x08001be8   0x00000018   Code   RO         2306    i.TIM_Cmd           stm32f10x_tim.o
    0x08001c00   0x000000a0   Code   RO         2345    i.TIM_OC3Init       stm32f10x_tim.o
    0x08001ca0   0x00000012   Code   RO         2348    i.TIM_OC3PreloadConfig  stm32f10x_tim.o
    0x08001cb2   0x00000002   PAD
    0x08001cb4   0x0000007c   Code   RO         2350    i.TIM_OC4Init       stm32f10x_tim.o
    0x08001d30   0x0000001a   Code   RO         2352    i.TIM_OC4PreloadConfig  stm32f10x_tim.o
    0x08001d4a   0x00000004   Code   RO         2369    i.TIM_SetCompare3   stm32f10x_tim.o
    0x08001d4e   0x00000006   Code   RO         2370    i.TIM_SetCompare4   stm32f10x_tim.o
    0x08001d54   0x000000a4   Code   RO         2377    i.TIM_TimeBaseInit  stm32f10x_tim.o
    0x08001df8   0x00000068   Code   RO         3482    i.USART1_IRQHandler  uasrt.o
    0x08001e60   0x0000000c   Code   RO         3632    i.USART2_GetRxData  hc05.o
    0x08001e6c   0x0000001c   Code   RO         3633    i.USART2_GetRxFlag  hc05.o
    0x08001e88   0x00000054   Code   RO         3634    i.USART2_IRQHandler  hc05.o
    0x08001edc   0x000000a4   Code   RO         3635    i.USART2_Init       hc05.o
    0x08001f80   0x00000020   Code   RO         3639    i.USART2_SendByte   hc05.o
    0x08001fa0   0x0000001e   Code   RO         2839    i.USART_ClearITPendingBit  stm32f10x_usart.o
    0x08001fbe   0x00000018   Code   RO         2842    i.USART_Cmd         stm32f10x_usart.o
    0x08001fd6   0x0000001a   Code   RO         2845    i.USART_GetFlagStatus  stm32f10x_usart.o
    0x08001ff0   0x00000054   Code   RO         2846    i.USART_GetITStatus  stm32f10x_usart.o
    0x08002044   0x0000004a   Code   RO         2848    i.USART_ITConfig    stm32f10x_usart.o
    0x0800208e   0x00000002   PAD
    0x08002090   0x000000d8   Code   RO         2849    i.USART_Init        stm32f10x_usart.o
    0x08002168   0x0000000a   Code   RO         2856    i.USART_ReceiveData  stm32f10x_usart.o
    0x08002172   0x00000008   Code   RO         2859    i.USART_SendData    stm32f10x_usart.o
    0x0800217a   0x00000004   Code   RO         4003    i.UsageFault_Handler  stm32f10x_it.o
    0x0800217e   0x00000002   PAD
    0x08002180   0x00000044   Code   RO         3518    i.W25Q128_Erase_Sector  w25q128.o
    0x080021c4   0x0000002c   Code   RO         3519    i.W25Q128_Get_SR1   w25q128.o
    0x080021f0   0x0000006c   Code   RO         3520    i.W25Q128_Page_Program  w25q128.o
    0x0800225c   0x00000034   Code   RO         3521    i.W25Q128_Read_A_Byte  w25q128.o
    0x08002290   0x00000070   Code   RO         3522    i.W25Q128_Read_Bytes  w25q128.o
    0x08002300   0x000000a0   Code   RO         3524    i.W25Q128_SPI_Init  w25q128.o
    0x080023a0   0x00000012   Code   RO         3525    i.W25Q128_Wait_NoBusy  w25q128.o
    0x080023b2   0x00000002   PAD
    0x080023b4   0x00000030   Code   RO         3526    i.W25Q128_Write_A_Byte  w25q128.o
    0x080023e4   0x000000b4   Code   RO         3527    i.W25Q128_Write_Bytes  w25q128.o
    0x08002498   0x00000024   Code   RO         3528    i.W25Q128_Write_Enable  w25q128.o
    0x080024bc   0x00000020   Code   RO         4313    i.__0printf         mc_w.l(printfa.o)
    0x080024dc   0x00000028   Code   RO         4315    i.__0sprintf        mc_w.l(printfa.o)
    0x08002504   0x0000000e   Code   RO         4443    i.__scatterload_copy  mc_w.l(handlers.o)
    0x08002512   0x00000002   Code   RO         4444    i.__scatterload_null  mc_w.l(handlers.o)
    0x08002514   0x0000000e   Code   RO         4445    i.__scatterload_zeroinit  mc_w.l(handlers.o)
    0x08002522   0x00000002   PAD
    0x08002524   0x00000164   Code   RO         4320    i._fp_digits        mc_w.l(printfa.o)
    0x08002688   0x000006dc   Code   RO         4321    i._printf_core      mc_w.l(printfa.o)
    0x08002d64   0x00000024   Code   RO         4322    i._printf_post_padding  mc_w.l(printfa.o)
    0x08002d88   0x0000002e   Code   RO         4323    i._printf_pre_padding  mc_w.l(printfa.o)
    0x08002db6   0x0000000a   Code   RO         4325    i._sputc            mc_w.l(printfa.o)
    0x08002dc0   0x0000018c   Code   RO         3836    i.adjust            main.o
    0x08002f4c   0x00000010   Code   RO         3359    i.closedoor         sg90.o
    0x08002f5c   0x00000010   Code   RO         3360    i.closewin          sg90.o
    0x08002f6c   0x00000090   Code   RO         3411    i.delay_ms          delay.o
    0x08002ffc   0x0000005c   Code   RO         3413    i.delay_us          delay.o
    0x08003058   0x00000024   Code   RO         3483    i.fputc             uasrt.o
    0x0800307c   0x00000064   Code   RO         3643    i.get_slave_data    hc05.o
    0x080030e0   0x00000064   Code   RO         3644    i.lanya_receive     hc05.o
    0x08003144   0x0000002c   Code   RO         3837    i.main              main.o
    0x08003170   0x00000094   Code   RO         3361    i.myServo_Init      sg90.o
    0x08003204   0x00000010   Code   RO         3362    i.opendoor          sg90.o
    0x08003214   0x00000010   Code   RO         3363    i.openwin           sg90.o
    0x08003224   0x000004e8   Code   RO         3839    i.run               main.o
    0x0800370c   0x00000148   Code   RO         3840    i.showtable         main.o
    0x08003854   0x00000dea   Data   RO         3345    .constdata          oled_data.o
    0x0800463e   0x00000002   PAD
    0x08004640   0x00000020   Data   RO         3850    .constdata          main.o
    0x08004660   0x00000020   Data   RO         4441    Region$$Table       anon$$obj.o


    Execution Region RW_IRAM1 (Base: 0x20000000, Size: 0x00001940, Max: 0x00005000, ABSOLUTE)

    Base Addr    Size         Type   Attr      Idx    E Section Name        Object

    0x20000000   0x00000014   Data   RW           28    .data               system_stm32f10x.o
    0x20000014   0x00000014   Data   RW         1702    .data               stm32f10x_rcc.o
    0x20000028   0x00000002   Data   RW         3485    .data               uasrt.o
    0x2000002a   0x00000002   PAD
    0x2000002c   0x00000019   Data   RW         3647    .data               hc05.o
    0x20000045   0x00000001   PAD
    0x20000046   0x00000004   Data   RW         3757    .data               dht11.o
    0x2000004a   0x00000001   Data   RW         3805    .data               tim3.o
    0x2000004b   0x00000001   PAD
    0x2000004c   0x00000018   Data   RW         3851    .data               main.o
    0x20000064   0x00000008   Data   RW         4004    .data               stm32f10x_it.o
    0x2000006c   0x00000004   Data   RW         4408    .data               mc_w.l(stdout.o)
    0x20000070   0x00000400   Zero   RW         3130    .bss                oled.o
    0x20000470   0x00000080   Zero   RW         3484    .bss                uasrt.o
    0x200004f0   0x00001000   Zero   RW         3529    .bss                w25q128.o
    0x200014f0   0x0000001a   Zero   RW         3646    .bss                hc05.o
    0x2000150a   0x00000030   Zero   RW         3849    .bss                main.o
    0x2000153a   0x00000006   PAD
    0x20001540   0x00000400   Zero   RW           17    STACK               startup_stm32f10x_md.o


==============================================================================

Image component sizes


      Code (inc. data)   RO Data    RW Data    ZI Data      Debug   Object Name

       244         16          0          0          0       1623   adc.o
        52          4          0          0          0        432   beep.o
         0          0          0          0          0       4524   core_cm3.o
       236         16          0          0          0       1094   delay.o
       440         42          0          4          0       4148   dht11.o
       520         80          0         25         26       4204   hc05.o
       104          8          0          0          0       1228   key.o
       172         16          0          0          0       1609   led.o
      2176        442         32         24         48     206326   main.o
       132         22          0          0          0       1335   misc.o
      1650         54          0          0       1024      12250   oled.o
         0          0       3562          0          0        982   oled_data.o
       212         24          0          0          0       2227   sg90.o
        36          8        236          0       1024        752   startup_stm32f10x_md.o
       486         24          0          0          0       7830   stm32f10x_adc.o
       458          6          0          0          0       4610   stm32f10x_gpio.o
        80         14          0          8          0       3634   stm32f10x_it.o
       332         44          0         20          0       5118   stm32f10x_rcc.o
        84          0          0          0          0       1929   stm32f10x_spi.o
       526         62          0          0          0       4823   stm32f10x_tim.o
       472          6          0          0          0       6211   stm32f10x_usart.o
       328         28          0         20          0     263061   system_stm32f10x.o
       264         36          0          1          0      16272   tim3.o
       324         28          0          2        128       3541   uasrt.o
       826         54          0          0       4096       6273   w25q128.o

    ----------------------------------------------------------------------
     10180       1034       3864        108       6352     566036   Object Totals
         0          0         32          0          0          0   (incl. Generated)
        26          0          2          4          6          0   (incl. Padding)

    ----------------------------------------------------------------------

      Code (inc. data)   RO Data    RW Data    ZI Data      Debug   Library Member Name

         0          0          0          0          0          0   entry.o
         0          0          0          0          0          0   entry10a.o
         0          0          0          0          0          0   entry11a.o
         8          4          0          0          0          0   entry2.o
         4          0          0          0          0          0   entry5.o
         0          0          0          0          0          0   entry7b.o
         0          0          0          0          0          0   entry8b.o
         8          4          0          0          0          0   entry9a.o
        30          0          0          0          0          0   handlers.o
        36          8          0          0          0         68   init.o
         0          0          0          0          0          0   iusefp.o
        30          0          0          0          0         68   llshl.o
        36          0          0          0          0         68   llsshr.o
        32          0          0          0          0         68   llushr.o
        36          0          0          0          0        108   memseta.o
      2276         96          0          0          0        596   printfa.o
         0          0          0          4          0          0   stdout.o
        28          0          0          0          0         76   strcmp.o
        44          0          0          0          0         80   uidiv.o
        98          0          0          0          0         92   uldiv.o
        48          0          0          0          0         68   cdrcmple.o
        20          0          0          0          0         68   cfcmple.o
        56          0          0          0          0         88   d2f.o
       334          0          0          0          0        148   dadd.o
       222          0          0          0          0        100   ddiv.o
       186          0          0          0          0        176   depilogue.o
        48          0          0          0          0         68   dfixul.o
        26          0          0          0          0         76   dfltui.o
       228          0          0          0          0         96   dmul.o
        38          0          0          0          0         68   f2d.o
       110          0          0          0          0        168   fepilogue.o
        18          0          0          0          0         68   fflti.o

    ----------------------------------------------------------------------
      4004        112          0          4          0       2416   Library Totals
         4          0          0          0          0          0   (incl. Padding)

    ----------------------------------------------------------------------

      Code (inc. data)   RO Data    RW Data    ZI Data      Debug   Library Name

      2666        112          0          4          0       1224   mc_w.l
      1334          0          0          0          0       1192   mf_w.l

    ----------------------------------------------------------------------
      4004        112          0          4          0       2416   Library Totals

    ----------------------------------------------------------------------

==============================================================================


      Code (inc. data)   RO Data    RW Data    ZI Data      Debug   

     14184       1146       3864        112       6352     561012   Grand Totals
     14184       1146       3864        112       6352     561012   ELF Image Totals
     14184       1146       3864        112          0          0   ROM Totals

==============================================================================

    Total RO  Size (Code + RO Data)                18048 (  17.63kB)
    Total RW  Size (RW Data + ZI Data)              6464 (   6.31kB)
    Total ROM Size (Code + RO Data + RW Data)      18160 (  17.73kB)

==============================================================================

